Archive member included to satisfy reference by file (symbol)

c:/ti/ccsv8/tools/compiler/gcc-arm-none-eabi-7-2017-q4-major-win32/bin/../lib/gcc/arm-none-eabi/7.2.1/../../../../arm-none-eabi/lib/thumb/v7e-m/fpv4-sp/hard\libg.a(lib_a-exit.o)
                              c:/ti/ccsv8/tools/compiler/gcc-arm-none-eabi-7-2017-q4-major-win32/bin/../lib/gcc/arm-none-eabi/7.2.1/../../../../arm-none-eabi/lib/thumb/v7e-m/fpv4-sp/hard/crt0.o (exit)
c:/ti/ccsv8/tools/compiler/gcc-arm-none-eabi-7-2017-q4-major-win32/bin/../lib/gcc/arm-none-eabi/7.2.1/../../../../arm-none-eabi/lib/thumb/v7e-m/fpv4-sp/hard\libg.a(lib_a-impure.o)
                              c:/ti/ccsv8/tools/compiler/gcc-arm-none-eabi-7-2017-q4-major-win32/bin/../lib/gcc/arm-none-eabi/7.2.1/../../../../arm-none-eabi/lib/thumb/v7e-m/fpv4-sp/hard\libg.a(lib_a-exit.o) (_global_impure_ptr)
c:/ti/ccsv8/tools/compiler/gcc-arm-none-eabi-7-2017-q4-major-win32/bin/../lib/gcc/arm-none-eabi/7.2.1/../../../../arm-none-eabi/lib/thumb/v7e-m/fpv4-sp/hard\libg.a(lib_a-init.o)
                              c:/ti/ccsv8/tools/compiler/gcc-arm-none-eabi-7-2017-q4-major-win32/bin/../lib/gcc/arm-none-eabi/7.2.1/../../../../arm-none-eabi/lib/thumb/v7e-m/fpv4-sp/hard/crt0.o (__libc_init_array)
c:/ti/ccsv8/tools/compiler/gcc-arm-none-eabi-7-2017-q4-major-win32/bin/../lib/gcc/arm-none-eabi/7.2.1/../../../../arm-none-eabi/lib/thumb/v7e-m/fpv4-sp/hard\libg.a(lib_a-memset.o)
                              c:/ti/ccsv8/tools/compiler/gcc-arm-none-eabi-7-2017-q4-major-win32/bin/../lib/gcc/arm-none-eabi/7.2.1/../../../../arm-none-eabi/lib/thumb/v7e-m/fpv4-sp/hard/crt0.o (memset)
c:/ti/ccsv8/tools/compiler/gcc-arm-none-eabi-7-2017-q4-major-win32/bin/../lib/gcc/arm-none-eabi/7.2.1/../../../../arm-none-eabi/lib/thumb/v7e-m/fpv4-sp/hard\libg.a(lib_a-__call_atexit.o)
                              c:/ti/ccsv8/tools/compiler/gcc-arm-none-eabi-7-2017-q4-major-win32/bin/../lib/gcc/arm-none-eabi/7.2.1/../../../../arm-none-eabi/lib/thumb/v7e-m/fpv4-sp/hard\libg.a(lib_a-exit.o) (__call_exitprocs)
c:/ti/ccsv8/tools/compiler/gcc-arm-none-eabi-7-2017-q4-major-win32/bin/../lib/gcc/arm-none-eabi/7.2.1/../../../../arm-none-eabi/lib/thumb/v7e-m/fpv4-sp/hard\libg.a(lib_a-atexit.o)
                              c:/ti/ccsv8/tools/compiler/gcc-arm-none-eabi-7-2017-q4-major-win32/bin/../lib/gcc/arm-none-eabi/7.2.1/../../../../arm-none-eabi/lib/thumb/v7e-m/fpv4-sp/hard\libg.a(lib_a-__call_atexit.o) (atexit)
c:/ti/ccsv8/tools/compiler/gcc-arm-none-eabi-7-2017-q4-major-win32/bin/../lib/gcc/arm-none-eabi/7.2.1/../../../../arm-none-eabi/lib/thumb/v7e-m/fpv4-sp/hard\libg.a(lib_a-fini.o)
                              c:/ti/ccsv8/tools/compiler/gcc-arm-none-eabi-7-2017-q4-major-win32/bin/../lib/gcc/arm-none-eabi/7.2.1/../../../../arm-none-eabi/lib/thumb/v7e-m/fpv4-sp/hard\libg.a(lib_a-__call_atexit.o) (__libc_fini_array)
c:/ti/ccsv8/tools/compiler/gcc-arm-none-eabi-7-2017-q4-major-win32/bin/../lib/gcc/arm-none-eabi/7.2.1/../../../../arm-none-eabi/lib/thumb/v7e-m/fpv4-sp/hard\libg.a(lib_a-lock.o)
                              c:/ti/ccsv8/tools/compiler/gcc-arm-none-eabi-7-2017-q4-major-win32/bin/../lib/gcc/arm-none-eabi/7.2.1/../../../../arm-none-eabi/lib/thumb/v7e-m/fpv4-sp/hard\libg.a(lib_a-__call_atexit.o) (__retarget_lock_acquire_recursive)
c:/ti/ccsv8/tools/compiler/gcc-arm-none-eabi-7-2017-q4-major-win32/bin/../lib/gcc/arm-none-eabi/7.2.1/../../../../arm-none-eabi/lib/thumb/v7e-m/fpv4-sp/hard\libg.a(lib_a-__atexit.o)
                              c:/ti/ccsv8/tools/compiler/gcc-arm-none-eabi-7-2017-q4-major-win32/bin/../lib/gcc/arm-none-eabi/7.2.1/../../../../arm-none-eabi/lib/thumb/v7e-m/fpv4-sp/hard\libg.a(lib_a-atexit.o) (__register_exitproc)
c:/ti/ccsv8/tools/compiler/gcc-arm-none-eabi-7-2017-q4-major-win32/bin/../lib/gcc/arm-none-eabi/7.2.1/../../../../arm-none-eabi/lib/thumb/v7e-m/fpv4-sp/hard\libnosys.a(_exit.o)
                              c:/ti/ccsv8/tools/compiler/gcc-arm-none-eabi-7-2017-q4-major-win32/bin/../lib/gcc/arm-none-eabi/7.2.1/../../../../arm-none-eabi/lib/thumb/v7e-m/fpv4-sp/hard\libg.a(lib_a-exit.o) (_exit)

Allocating common symbols
Common symbol       size              file

__lock___atexit_recursive_mutex
                    0x1               c:/ti/ccsv8/tools/compiler/gcc-arm-none-eabi-7-2017-q4-major-win32/bin/../lib/gcc/arm-none-eabi/7.2.1/../../../../arm-none-eabi/lib/thumb/v7e-m/fpv4-sp/hard\libg.a(lib_a-lock.o)
__lock___arc4random_mutex
                    0x1               c:/ti/ccsv8/tools/compiler/gcc-arm-none-eabi-7-2017-q4-major-win32/bin/../lib/gcc/arm-none-eabi/7.2.1/../../../../arm-none-eabi/lib/thumb/v7e-m/fpv4-sp/hard\libg.a(lib_a-lock.o)
__lock___env_recursive_mutex
                    0x1               c:/ti/ccsv8/tools/compiler/gcc-arm-none-eabi-7-2017-q4-major-win32/bin/../lib/gcc/arm-none-eabi/7.2.1/../../../../arm-none-eabi/lib/thumb/v7e-m/fpv4-sp/hard\libg.a(lib_a-lock.o)
__lock___sinit_recursive_mutex
                    0x1               c:/ti/ccsv8/tools/compiler/gcc-arm-none-eabi-7-2017-q4-major-win32/bin/../lib/gcc/arm-none-eabi/7.2.1/../../../../arm-none-eabi/lib/thumb/v7e-m/fpv4-sp/hard\libg.a(lib_a-lock.o)
__lock___malloc_recursive_mutex
                    0x1               c:/ti/ccsv8/tools/compiler/gcc-arm-none-eabi-7-2017-q4-major-win32/bin/../lib/gcc/arm-none-eabi/7.2.1/../../../../arm-none-eabi/lib/thumb/v7e-m/fpv4-sp/hard\libg.a(lib_a-lock.o)
__lock___at_quick_exit_mutex
                    0x1               c:/ti/ccsv8/tools/compiler/gcc-arm-none-eabi-7-2017-q4-major-win32/bin/../lib/gcc/arm-none-eabi/7.2.1/../../../../arm-none-eabi/lib/thumb/v7e-m/fpv4-sp/hard\libg.a(lib_a-lock.o)
__lock___dd_hash_mutex
                    0x1               c:/ti/ccsv8/tools/compiler/gcc-arm-none-eabi-7-2017-q4-major-win32/bin/../lib/gcc/arm-none-eabi/7.2.1/../../../../arm-none-eabi/lib/thumb/v7e-m/fpv4-sp/hard\libg.a(lib_a-lock.o)
__lock___tz_mutex   0x1               c:/ti/ccsv8/tools/compiler/gcc-arm-none-eabi-7-2017-q4-major-win32/bin/../lib/gcc/arm-none-eabi/7.2.1/../../../../arm-none-eabi/lib/thumb/v7e-m/fpv4-sp/hard\libg.a(lib_a-lock.o)
__lock___sfp_recursive_mutex
                    0x1               c:/ti/ccsv8/tools/compiler/gcc-arm-none-eabi-7-2017-q4-major-win32/bin/../lib/gcc/arm-none-eabi/7.2.1/../../../../arm-none-eabi/lib/thumb/v7e-m/fpv4-sp/hard\libg.a(lib_a-lock.o)

Memory Configuration

Name             Origin             Length             Attributes
FLASH            0x00000000         0x00040000         xr
SRAM             0x20000000         0x00008000         xw
*default*        0x00000000         0xffffffff

Linker script and memory map

LOAD c:/ti/ccsv8/tools/compiler/gcc-arm-none-eabi-7-2017-q4-major-win32/bin/../lib/gcc/arm-none-eabi/7.2.1/thumb/v7e-m/fpv4-sp/hard/crti.o
LOAD c:/ti/ccsv8/tools/compiler/gcc-arm-none-eabi-7-2017-q4-major-win32/bin/../lib/gcc/arm-none-eabi/7.2.1/thumb/v7e-m/fpv4-sp/hard/crtbegin.o
LOAD c:/ti/ccsv8/tools/compiler/gcc-arm-none-eabi-7-2017-q4-major-win32/bin/../lib/gcc/arm-none-eabi/7.2.1/../../../../arm-none-eabi/lib/thumb/v7e-m/fpv4-sp/hard/crt0.o
LOAD ./main.o
LOAD ./spi.o
LOAD ./systick.o
LOAD ./tm4c123gh6pm_startup_ccs_gcc.o
                0x00000000                PROVIDE (_intvecs_base_address, 0x0)

.intvecs        0x00000000      0x26c
 *(.intvecs)
 .intvecs       0x00000000      0x26c ./tm4c123gh6pm_startup_ccs_gcc.o
                0x00000000                g_pfnVectors
                0x20000000                PROVIDE (_vtable_base_address, 0x20000000)

.vtable
 *(.vtable)

.text           0x0000026c      0x84c
 CREATE_OBJECT_SYMBOLS
 *(.text)
 .text          0x0000026c        0x0 c:/ti/ccsv8/tools/compiler/gcc-arm-none-eabi-7-2017-q4-major-win32/bin/../lib/gcc/arm-none-eabi/7.2.1/thumb/v7e-m/fpv4-sp/hard/crti.o
 .text          0x0000026c       0x40 c:/ti/ccsv8/tools/compiler/gcc-arm-none-eabi-7-2017-q4-major-win32/bin/../lib/gcc/arm-none-eabi/7.2.1/thumb/v7e-m/fpv4-sp/hard/crtbegin.o
 .text          0x000002ac       0x74 c:/ti/ccsv8/tools/compiler/gcc-arm-none-eabi-7-2017-q4-major-win32/bin/../lib/gcc/arm-none-eabi/7.2.1/../../../../arm-none-eabi/lib/thumb/v7e-m/fpv4-sp/hard/crt0.o
                0x000002ac                _start
                0x000002ac                _mainCRTStartup
 .text          0x00000320        0x0 ./main.o
 .text          0x00000320        0x0 ./spi.o
 .text          0x00000320        0x0 ./systick.o
 .text          0x00000320        0x0 ./tm4c123gh6pm_startup_ccs_gcc.o
 .text          0x00000320        0x0 c:/ti/ccsv8/tools/compiler/gcc-arm-none-eabi-7-2017-q4-major-win32/bin/../lib/gcc/arm-none-eabi/7.2.1/../../../../arm-none-eabi/lib/thumb/v7e-m/fpv4-sp/hard\libg.a(lib_a-exit.o)
 .text          0x00000320        0x0 c:/ti/ccsv8/tools/compiler/gcc-arm-none-eabi-7-2017-q4-major-win32/bin/../lib/gcc/arm-none-eabi/7.2.1/../../../../arm-none-eabi/lib/thumb/v7e-m/fpv4-sp/hard\libg.a(lib_a-impure.o)
 .text          0x00000320        0x0 c:/ti/ccsv8/tools/compiler/gcc-arm-none-eabi-7-2017-q4-major-win32/bin/../lib/gcc/arm-none-eabi/7.2.1/../../../../arm-none-eabi/lib/thumb/v7e-m/fpv4-sp/hard\libg.a(lib_a-init.o)
 .text          0x00000320        0x0 c:/ti/ccsv8/tools/compiler/gcc-arm-none-eabi-7-2017-q4-major-win32/bin/../lib/gcc/arm-none-eabi/7.2.1/../../../../arm-none-eabi/lib/thumb/v7e-m/fpv4-sp/hard\libg.a(lib_a-memset.o)
 .text          0x00000320        0x0 c:/ti/ccsv8/tools/compiler/gcc-arm-none-eabi-7-2017-q4-major-win32/bin/../lib/gcc/arm-none-eabi/7.2.1/../../../../arm-none-eabi/lib/thumb/v7e-m/fpv4-sp/hard\libg.a(lib_a-__call_atexit.o)
 .text          0x00000320        0x0 c:/ti/ccsv8/tools/compiler/gcc-arm-none-eabi-7-2017-q4-major-win32/bin/../lib/gcc/arm-none-eabi/7.2.1/../../../../arm-none-eabi/lib/thumb/v7e-m/fpv4-sp/hard\libg.a(lib_a-atexit.o)
 .text          0x00000320        0x0 c:/ti/ccsv8/tools/compiler/gcc-arm-none-eabi-7-2017-q4-major-win32/bin/../lib/gcc/arm-none-eabi/7.2.1/../../../../arm-none-eabi/lib/thumb/v7e-m/fpv4-sp/hard\libg.a(lib_a-fini.o)
 .text          0x00000320        0x0 c:/ti/ccsv8/tools/compiler/gcc-arm-none-eabi-7-2017-q4-major-win32/bin/../lib/gcc/arm-none-eabi/7.2.1/../../../../arm-none-eabi/lib/thumb/v7e-m/fpv4-sp/hard\libg.a(lib_a-lock.o)
 .text          0x00000320        0x0 c:/ti/ccsv8/tools/compiler/gcc-arm-none-eabi-7-2017-q4-major-win32/bin/../lib/gcc/arm-none-eabi/7.2.1/../../../../arm-none-eabi/lib/thumb/v7e-m/fpv4-sp/hard\libg.a(lib_a-__atexit.o)
 .text          0x00000320        0x0 c:/ti/ccsv8/tools/compiler/gcc-arm-none-eabi-7-2017-q4-major-win32/bin/../lib/gcc/arm-none-eabi/7.2.1/../../../../arm-none-eabi/lib/thumb/v7e-m/fpv4-sp/hard\libnosys.a(_exit.o)
 .text          0x00000320        0x0 c:/ti/ccsv8/tools/compiler/gcc-arm-none-eabi-7-2017-q4-major-win32/bin/../lib/gcc/arm-none-eabi/7.2.1/thumb/v7e-m/fpv4-sp/hard/crtend.o
 .text          0x00000320        0x0 c:/ti/ccsv8/tools/compiler/gcc-arm-none-eabi-7-2017-q4-major-win32/bin/../lib/gcc/arm-none-eabi/7.2.1/thumb/v7e-m/fpv4-sp/hard/crtn.o
 *(.text.*)
 .text.main     0x00000320       0xc4 ./main.o
                0x00000320                main
 .text.init_spi
                0x000003e4      0x114 ./spi.o
                0x000003e4                init_spi
 .text.transmit_handler
                0x000004f8        0xe ./spi.o
                0x000004f8                transmit_handler
 *fill*         0x00000506        0x2 
 .text.send_data
                0x00000508       0xb4 ./spi.o
                0x00000508                send_data
 .text.write_data
                0x000005bc       0x20 ./spi.o
                0x000005bc                write_data
 .text.get_data
                0x000005dc       0x18 ./spi.o
                0x000005dc                get_data
 .text.clear_buffer
                0x000005f4       0x30 ./spi.o
                0x000005f4                clear_buffer
 .text.systick_handler
                0x00000624       0x24 ./systick.o
                0x00000624                systick_handler
 .text.enable_global_int
                0x00000648       0x10 ./systick.o
                0x00000648                enable_global_int
 .text.disable_global_int
                0x00000658       0x10 ./systick.o
                0x00000658                disable_global_int
 .text.init_systick
                0x00000668       0x88 ./systick.o
                0x00000668                init_systick
 .text.ResetISR
                0x000006f0       0x6c ./tm4c123gh6pm_startup_ccs_gcc.o
                0x000006f0                ResetISR
 .text.NmiSR    0x0000075c        0x6 ./tm4c123gh6pm_startup_ccs_gcc.o
 .text.FaultISR
                0x00000762        0x6 ./tm4c123gh6pm_startup_ccs_gcc.o
 .text.IntDefaultHandler
                0x00000768        0x6 ./tm4c123gh6pm_startup_ccs_gcc.o
 *fill*         0x0000076e        0x2 
 .text.exit     0x00000770       0x20 c:/ti/ccsv8/tools/compiler/gcc-arm-none-eabi-7-2017-q4-major-win32/bin/../lib/gcc/arm-none-eabi/7.2.1/../../../../arm-none-eabi/lib/thumb/v7e-m/fpv4-sp/hard\libg.a(lib_a-exit.o)
                0x00000770                exit
 .text.__libc_init_array
                0x00000790       0x48 c:/ti/ccsv8/tools/compiler/gcc-arm-none-eabi-7-2017-q4-major-win32/bin/../lib/gcc/arm-none-eabi/7.2.1/../../../../arm-none-eabi/lib/thumb/v7e-m/fpv4-sp/hard\libg.a(lib_a-init.o)
                0x00000790                __libc_init_array
 .text.memset   0x000007d8       0x94 c:/ti/ccsv8/tools/compiler/gcc-arm-none-eabi-7-2017-q4-major-win32/bin/../lib/gcc/arm-none-eabi/7.2.1/../../../../arm-none-eabi/lib/thumb/v7e-m/fpv4-sp/hard\libg.a(lib_a-memset.o)
                0x000007d8                memset
 .text.startup.register_fini
                0x0000086c       0x14 c:/ti/ccsv8/tools/compiler/gcc-arm-none-eabi-7-2017-q4-major-win32/bin/../lib/gcc/arm-none-eabi/7.2.1/../../../../arm-none-eabi/lib/thumb/v7e-m/fpv4-sp/hard\libg.a(lib_a-__call_atexit.o)
 .text.__call_exitprocs
                0x00000880       0xe8 c:/ti/ccsv8/tools/compiler/gcc-arm-none-eabi-7-2017-q4-major-win32/bin/../lib/gcc/arm-none-eabi/7.2.1/../../../../arm-none-eabi/lib/thumb/v7e-m/fpv4-sp/hard\libg.a(lib_a-__call_atexit.o)
                0x00000880                __call_exitprocs
 .text.atexit   0x00000968        0xc c:/ti/ccsv8/tools/compiler/gcc-arm-none-eabi-7-2017-q4-major-win32/bin/../lib/gcc/arm-none-eabi/7.2.1/../../../../arm-none-eabi/lib/thumb/v7e-m/fpv4-sp/hard\libg.a(lib_a-atexit.o)
                0x00000968                atexit
 .text.__libc_fini_array
                0x00000974       0x34 c:/ti/ccsv8/tools/compiler/gcc-arm-none-eabi-7-2017-q4-major-win32/bin/../lib/gcc/arm-none-eabi/7.2.1/../../../../arm-none-eabi/lib/thumb/v7e-m/fpv4-sp/hard\libg.a(lib_a-fini.o)
                0x00000974                __libc_fini_array
 .text.__retarget_lock_init
                0x000009a8        0x4 c:/ti/ccsv8/tools/compiler/gcc-arm-none-eabi-7-2017-q4-major-win32/bin/../lib/gcc/arm-none-eabi/7.2.1/../../../../arm-none-eabi/lib/thumb/v7e-m/fpv4-sp/hard\libg.a(lib_a-lock.o)
                0x000009a8                __retarget_lock_init
 .text.__retarget_lock_init_recursive
                0x000009ac        0x4 c:/ti/ccsv8/tools/compiler/gcc-arm-none-eabi-7-2017-q4-major-win32/bin/../lib/gcc/arm-none-eabi/7.2.1/../../../../arm-none-eabi/lib/thumb/v7e-m/fpv4-sp/hard\libg.a(lib_a-lock.o)
                0x000009ac                __retarget_lock_init_recursive
 .text.__retarget_lock_close
                0x000009b0        0x4 c:/ti/ccsv8/tools/compiler/gcc-arm-none-eabi-7-2017-q4-major-win32/bin/../lib/gcc/arm-none-eabi/7.2.1/../../../../arm-none-eabi/lib/thumb/v7e-m/fpv4-sp/hard\libg.a(lib_a-lock.o)
                0x000009b0                __retarget_lock_close
 .text.__retarget_lock_close_recursive
                0x000009b4        0x4 c:/ti/ccsv8/tools/compiler/gcc-arm-none-eabi-7-2017-q4-major-win32/bin/../lib/gcc/arm-none-eabi/7.2.1/../../../../arm-none-eabi/lib/thumb/v7e-m/fpv4-sp/hard\libg.a(lib_a-lock.o)
                0x000009b4                __retarget_lock_close_recursive
 .text.__retarget_lock_acquire
                0x000009b8        0x4 c:/ti/ccsv8/tools/compiler/gcc-arm-none-eabi-7-2017-q4-major-win32/bin/../lib/gcc/arm-none-eabi/7.2.1/../../../../arm-none-eabi/lib/thumb/v7e-m/fpv4-sp/hard\libg.a(lib_a-lock.o)
                0x000009b8                __retarget_lock_acquire
 .text.__retarget_lock_acquire_recursive
                0x000009bc        0x4 c:/ti/ccsv8/tools/compiler/gcc-arm-none-eabi-7-2017-q4-major-win32/bin/../lib/gcc/arm-none-eabi/7.2.1/../../../../arm-none-eabi/lib/thumb/v7e-m/fpv4-sp/hard\libg.a(lib_a-lock.o)
                0x000009bc                __retarget_lock_acquire_recursive
 .text.__retarget_lock_try_acquire
                0x000009c0        0x4 c:/ti/ccsv8/tools/compiler/gcc-arm-none-eabi-7-2017-q4-major-win32/bin/../lib/gcc/arm-none-eabi/7.2.1/../../../../arm-none-eabi/lib/thumb/v7e-m/fpv4-sp/hard\libg.a(lib_a-lock.o)
                0x000009c0                __retarget_lock_try_acquire
 .text.__retarget_lock_try_acquire_recursive
                0x000009c4        0x4 c:/ti/ccsv8/tools/compiler/gcc-arm-none-eabi-7-2017-q4-major-win32/bin/../lib/gcc/arm-none-eabi/7.2.1/../../../../arm-none-eabi/lib/thumb/v7e-m/fpv4-sp/hard\libg.a(lib_a-lock.o)
                0x000009c4                __retarget_lock_try_acquire_recursive
 .text.__retarget_lock_release
                0x000009c8        0x4 c:/ti/ccsv8/tools/compiler/gcc-arm-none-eabi-7-2017-q4-major-win32/bin/../lib/gcc/arm-none-eabi/7.2.1/../../../../arm-none-eabi/lib/thumb/v7e-m/fpv4-sp/hard\libg.a(lib_a-lock.o)
                0x000009c8                __retarget_lock_release
 .text.__retarget_lock_release_recursive
                0x000009cc        0x4 c:/ti/ccsv8/tools/compiler/gcc-arm-none-eabi-7-2017-q4-major-win32/bin/../lib/gcc/arm-none-eabi/7.2.1/../../../../arm-none-eabi/lib/thumb/v7e-m/fpv4-sp/hard\libg.a(lib_a-lock.o)
                0x000009cc                __retarget_lock_release_recursive
 .text.__register_exitproc
                0x000009d0       0xc0 c:/ti/ccsv8/tools/compiler/gcc-arm-none-eabi-7-2017-q4-major-win32/bin/../lib/gcc/arm-none-eabi/7.2.1/../../../../arm-none-eabi/lib/thumb/v7e-m/fpv4-sp/hard\libg.a(lib_a-__atexit.o)
                0x000009d0                __register_exitproc
 .text._exit    0x00000a90        0x4 c:/ti/ccsv8/tools/compiler/gcc-arm-none-eabi-7-2017-q4-major-win32/bin/../lib/gcc/arm-none-eabi/7.2.1/../../../../arm-none-eabi/lib/thumb/v7e-m/fpv4-sp/hard\libnosys.a(_exit.o)
                0x00000a90                _exit
                0x00000a94                . = ALIGN (0x4)
 *(.ctors)
                0x00000a94                . = ALIGN (0x4)
 *(.dtors)
                0x00000a94                . = ALIGN (0x4)
                0x00000a94                __init_array_start = .
 *(.init_array*)
 .init_array    0x00000a94        0x4 c:/ti/ccsv8/tools/compiler/gcc-arm-none-eabi-7-2017-q4-major-win32/bin/../lib/gcc/arm-none-eabi/7.2.1/thumb/v7e-m/fpv4-sp/hard/crtbegin.o
 .init_array.00000
                0x00000a98        0x4 c:/ti/ccsv8/tools/compiler/gcc-arm-none-eabi-7-2017-q4-major-win32/bin/../lib/gcc/arm-none-eabi/7.2.1/../../../../arm-none-eabi/lib/thumb/v7e-m/fpv4-sp/hard\libg.a(lib_a-__call_atexit.o)
                0x00000a9c                __init_array_end = .
 *(.init)
 .init          0x00000a9c        0x4 c:/ti/ccsv8/tools/compiler/gcc-arm-none-eabi-7-2017-q4-major-win32/bin/../lib/gcc/arm-none-eabi/7.2.1/thumb/v7e-m/fpv4-sp/hard/crti.o
                0x00000a9c                _init
 .init          0x00000aa0        0x8 c:/ti/ccsv8/tools/compiler/gcc-arm-none-eabi-7-2017-q4-major-win32/bin/../lib/gcc/arm-none-eabi/7.2.1/thumb/v7e-m/fpv4-sp/hard/crtn.o
 *(.fini*)
 .fini          0x00000aa8        0x4 c:/ti/ccsv8/tools/compiler/gcc-arm-none-eabi-7-2017-q4-major-win32/bin/../lib/gcc/arm-none-eabi/7.2.1/thumb/v7e-m/fpv4-sp/hard/crti.o
                0x00000aa8                _fini
 .fini_array    0x00000aac        0x4 c:/ti/ccsv8/tools/compiler/gcc-arm-none-eabi-7-2017-q4-major-win32/bin/../lib/gcc/arm-none-eabi/7.2.1/thumb/v7e-m/fpv4-sp/hard/crtbegin.o
 .fini          0x00000ab0        0x8 c:/ti/ccsv8/tools/compiler/gcc-arm-none-eabi-7-2017-q4-major-win32/bin/../lib/gcc/arm-none-eabi/7.2.1/thumb/v7e-m/fpv4-sp/hard/crtn.o
                [!provide]                PROVIDE (__etext, .)
                [!provide]                PROVIDE (_etext, .)
                [!provide]                PROVIDE (etext, .)

.glue_7         0x00000ab8        0x0
 .glue_7        0x00000ab8        0x0 linker stubs

.glue_7t        0x00000ab8        0x0
 .glue_7t       0x00000ab8        0x0 linker stubs

.vfp11_veneer   0x00000ab8        0x0
 .vfp11_veneer  0x00000ab8        0x0 linker stubs

.v4_bx          0x00000ab8        0x0
 .v4_bx         0x00000ab8        0x0 linker stubs

.iplt           0x00000ab8        0x0
 .iplt          0x00000ab8        0x0 c:/ti/ccsv8/tools/compiler/gcc-arm-none-eabi-7-2017-q4-major-win32/bin/../lib/gcc/arm-none-eabi/7.2.1/thumb/v7e-m/fpv4-sp/hard/crtbegin.o

.rodata         0x00000ab8        0x4
 *(.rodata)
 *(.rodata*)
 .rodata._global_impure_ptr
                0x00000ab8        0x4 c:/ti/ccsv8/tools/compiler/gcc-arm-none-eabi-7-2017-q4-major-win32/bin/../lib/gcc/arm-none-eabi/7.2.1/../../../../arm-none-eabi/lib/thumb/v7e-m/fpv4-sp/hard\libg.a(lib_a-impure.o)
                0x00000ab8                _global_impure_ptr

.eh_frame       0x00000abc        0x4
 .eh_frame      0x00000abc        0x0 c:/ti/ccsv8/tools/compiler/gcc-arm-none-eabi-7-2017-q4-major-win32/bin/../lib/gcc/arm-none-eabi/7.2.1/thumb/v7e-m/fpv4-sp/hard/crtbegin.o
 .eh_frame      0x00000abc        0x4 c:/ti/ccsv8/tools/compiler/gcc-arm-none-eabi-7-2017-q4-major-win32/bin/../lib/gcc/arm-none-eabi/7.2.1/thumb/v7e-m/fpv4-sp/hard/crtend.o

.data           0x20000000      0x43c load address 0x00000ac0
                0x00000ac0                __data_load__ = LOADADDR (.data)
                0x20000000                __data_start__ = .
 *(.data)
 .data          0x20000000        0x0 c:/ti/ccsv8/tools/compiler/gcc-arm-none-eabi-7-2017-q4-major-win32/bin/../lib/gcc/arm-none-eabi/7.2.1/thumb/v7e-m/fpv4-sp/hard/crti.o
 .data          0x20000000        0x4 c:/ti/ccsv8/tools/compiler/gcc-arm-none-eabi-7-2017-q4-major-win32/bin/../lib/gcc/arm-none-eabi/7.2.1/thumb/v7e-m/fpv4-sp/hard/crtbegin.o
                0x20000000                __dso_handle
 .data          0x20000004        0x0 c:/ti/ccsv8/tools/compiler/gcc-arm-none-eabi-7-2017-q4-major-win32/bin/../lib/gcc/arm-none-eabi/7.2.1/../../../../arm-none-eabi/lib/thumb/v7e-m/fpv4-sp/hard/crt0.o
 .data          0x20000004        0x0 ./main.o
 .data          0x20000004        0x0 ./spi.o
 .data          0x20000004        0x0 ./systick.o
 .data          0x20000004        0x0 ./tm4c123gh6pm_startup_ccs_gcc.o
 .data          0x20000004        0x0 c:/ti/ccsv8/tools/compiler/gcc-arm-none-eabi-7-2017-q4-major-win32/bin/../lib/gcc/arm-none-eabi/7.2.1/../../../../arm-none-eabi/lib/thumb/v7e-m/fpv4-sp/hard\libg.a(lib_a-exit.o)
 .data          0x20000004        0x0 c:/ti/ccsv8/tools/compiler/gcc-arm-none-eabi-7-2017-q4-major-win32/bin/../lib/gcc/arm-none-eabi/7.2.1/../../../../arm-none-eabi/lib/thumb/v7e-m/fpv4-sp/hard\libg.a(lib_a-impure.o)
 .data          0x20000004        0x0 c:/ti/ccsv8/tools/compiler/gcc-arm-none-eabi-7-2017-q4-major-win32/bin/../lib/gcc/arm-none-eabi/7.2.1/../../../../arm-none-eabi/lib/thumb/v7e-m/fpv4-sp/hard\libg.a(lib_a-init.o)
 .data          0x20000004        0x0 c:/ti/ccsv8/tools/compiler/gcc-arm-none-eabi-7-2017-q4-major-win32/bin/../lib/gcc/arm-none-eabi/7.2.1/../../../../arm-none-eabi/lib/thumb/v7e-m/fpv4-sp/hard\libg.a(lib_a-memset.o)
 .data          0x20000004        0x0 c:/ti/ccsv8/tools/compiler/gcc-arm-none-eabi-7-2017-q4-major-win32/bin/../lib/gcc/arm-none-eabi/7.2.1/../../../../arm-none-eabi/lib/thumb/v7e-m/fpv4-sp/hard\libg.a(lib_a-__call_atexit.o)
 .data          0x20000004        0x0 c:/ti/ccsv8/tools/compiler/gcc-arm-none-eabi-7-2017-q4-major-win32/bin/../lib/gcc/arm-none-eabi/7.2.1/../../../../arm-none-eabi/lib/thumb/v7e-m/fpv4-sp/hard\libg.a(lib_a-atexit.o)
 .data          0x20000004        0x0 c:/ti/ccsv8/tools/compiler/gcc-arm-none-eabi-7-2017-q4-major-win32/bin/../lib/gcc/arm-none-eabi/7.2.1/../../../../arm-none-eabi/lib/thumb/v7e-m/fpv4-sp/hard\libg.a(lib_a-fini.o)
 .data          0x20000004        0x0 c:/ti/ccsv8/tools/compiler/gcc-arm-none-eabi-7-2017-q4-major-win32/bin/../lib/gcc/arm-none-eabi/7.2.1/../../../../arm-none-eabi/lib/thumb/v7e-m/fpv4-sp/hard\libg.a(lib_a-lock.o)
 .data          0x20000004        0x0 c:/ti/ccsv8/tools/compiler/gcc-arm-none-eabi-7-2017-q4-major-win32/bin/../lib/gcc/arm-none-eabi/7.2.1/../../../../arm-none-eabi/lib/thumb/v7e-m/fpv4-sp/hard\libg.a(lib_a-__atexit.o)
 .data          0x20000004        0x0 c:/ti/ccsv8/tools/compiler/gcc-arm-none-eabi-7-2017-q4-major-win32/bin/../lib/gcc/arm-none-eabi/7.2.1/../../../../arm-none-eabi/lib/thumb/v7e-m/fpv4-sp/hard\libnosys.a(_exit.o)
 .data          0x20000004        0x0 c:/ti/ccsv8/tools/compiler/gcc-arm-none-eabi-7-2017-q4-major-win32/bin/../lib/gcc/arm-none-eabi/7.2.1/thumb/v7e-m/fpv4-sp/hard/crtend.o
 .data          0x20000004        0x0 c:/ti/ccsv8/tools/compiler/gcc-arm-none-eabi-7-2017-q4-major-win32/bin/../lib/gcc/arm-none-eabi/7.2.1/thumb/v7e-m/fpv4-sp/hard/crtn.o
 *(.data*)
 .data.alive_timer.5449
                0x20000004        0x1 ./main.o
 *fill*         0x20000005        0x3 
 .data._impure_ptr
                0x20000008        0x4 c:/ti/ccsv8/tools/compiler/gcc-arm-none-eabi-7-2017-q4-major-win32/bin/../lib/gcc/arm-none-eabi/7.2.1/../../../../arm-none-eabi/lib/thumb/v7e-m/fpv4-sp/hard\libg.a(lib_a-impure.o)
                0x20000008                _impure_ptr
 *fill*         0x2000000c        0x4 
 .data.impure_data
                0x20000010      0x428 c:/ti/ccsv8/tools/compiler/gcc-arm-none-eabi-7-2017-q4-major-win32/bin/../lib/gcc/arm-none-eabi/7.2.1/../../../../arm-none-eabi/lib/thumb/v7e-m/fpv4-sp/hard\libg.a(lib_a-impure.o)
 .data.__atexit_recursive_mutex
                0x20000438        0x4 c:/ti/ccsv8/tools/compiler/gcc-arm-none-eabi-7-2017-q4-major-win32/bin/../lib/gcc/arm-none-eabi/7.2.1/../../../../arm-none-eabi/lib/thumb/v7e-m/fpv4-sp/hard\libg.a(lib_a-__call_atexit.o)
                0x20000438                __atexit_recursive_mutex
                0x2000043c                . = ALIGN (0x4)
                0x2000043c                __data_end__ = .

.igot.plt       0x2000043c        0x0 load address 0x00000efc
 .igot.plt      0x2000043c        0x0 c:/ti/ccsv8/tools/compiler/gcc-arm-none-eabi-7-2017-q4-major-win32/bin/../lib/gcc/arm-none-eabi/7.2.1/thumb/v7e-m/fpv4-sp/hard/crtbegin.o

.ARM.exidx      0x00000efc        0x8
                0x00000efc                __exidx_start = .
 *(.ARM.exidx* .gnu.linkonce.armexidx.*)
 .ARM.exidx     0x00000efc        0x8 c:/ti/ccsv8/tools/compiler/gcc-arm-none-eabi-7-2017-q4-major-win32/bin/../lib/gcc/arm-none-eabi/7.2.1/../../../../arm-none-eabi/lib/thumb/v7e-m/fpv4-sp/hard/crt0.o
                0x00000f04                __exidx_end = .

.ARM.extab      0x00000f04        0x0
 *(.ARM.extab* .gnu.linkonce.armextab.*)
 .ARM.extab     0x00000f04        0x0 c:/ti/ccsv8/tools/compiler/gcc-arm-none-eabi-7-2017-q4-major-win32/bin/../lib/gcc/arm-none-eabi/7.2.1/../../../../arm-none-eabi/lib/thumb/v7e-m/fpv4-sp/hard/crt0.o

.rel.dyn        0x00000f04        0x0
 .rel.iplt      0x00000f04        0x0 c:/ti/ccsv8/tools/compiler/gcc-arm-none-eabi-7-2017-q4-major-win32/bin/../lib/gcc/arm-none-eabi/7.2.1/thumb/v7e-m/fpv4-sp/hard/crtbegin.o

.bss            0x2000043c      0x244
                0x2000043c                __bss_start__ = .
 *(.shbss)
 *(.bss)
 .bss           0x2000043c        0x0 c:/ti/ccsv8/tools/compiler/gcc-arm-none-eabi-7-2017-q4-major-win32/bin/../lib/gcc/arm-none-eabi/7.2.1/thumb/v7e-m/fpv4-sp/hard/crti.o
 .bss           0x2000043c       0x1c c:/ti/ccsv8/tools/compiler/gcc-arm-none-eabi-7-2017-q4-major-win32/bin/../lib/gcc/arm-none-eabi/7.2.1/thumb/v7e-m/fpv4-sp/hard/crtbegin.o
 .bss           0x20000458        0x0 c:/ti/ccsv8/tools/compiler/gcc-arm-none-eabi-7-2017-q4-major-win32/bin/../lib/gcc/arm-none-eabi/7.2.1/../../../../arm-none-eabi/lib/thumb/v7e-m/fpv4-sp/hard/crt0.o
 .bss           0x20000458        0x0 ./main.o
 .bss           0x20000458        0x0 ./spi.o
 .bss           0x20000458        0x0 ./systick.o
 .bss           0x20000458        0x0 ./tm4c123gh6pm_startup_ccs_gcc.o
 .bss           0x20000458        0x0 c:/ti/ccsv8/tools/compiler/gcc-arm-none-eabi-7-2017-q4-major-win32/bin/../lib/gcc/arm-none-eabi/7.2.1/../../../../arm-none-eabi/lib/thumb/v7e-m/fpv4-sp/hard\libg.a(lib_a-exit.o)
 .bss           0x20000458        0x0 c:/ti/ccsv8/tools/compiler/gcc-arm-none-eabi-7-2017-q4-major-win32/bin/../lib/gcc/arm-none-eabi/7.2.1/../../../../arm-none-eabi/lib/thumb/v7e-m/fpv4-sp/hard\libg.a(lib_a-impure.o)
 .bss           0x20000458        0x0 c:/ti/ccsv8/tools/compiler/gcc-arm-none-eabi-7-2017-q4-major-win32/bin/../lib/gcc/arm-none-eabi/7.2.1/../../../../arm-none-eabi/lib/thumb/v7e-m/fpv4-sp/hard\libg.a(lib_a-init.o)
 .bss           0x20000458        0x0 c:/ti/ccsv8/tools/compiler/gcc-arm-none-eabi-7-2017-q4-major-win32/bin/../lib/gcc/arm-none-eabi/7.2.1/../../../../arm-none-eabi/lib/thumb/v7e-m/fpv4-sp/hard\libg.a(lib_a-memset.o)
 .bss           0x20000458        0x0 c:/ti/ccsv8/tools/compiler/gcc-arm-none-eabi-7-2017-q4-major-win32/bin/../lib/gcc/arm-none-eabi/7.2.1/../../../../arm-none-eabi/lib/thumb/v7e-m/fpv4-sp/hard\libg.a(lib_a-__call_atexit.o)
 .bss           0x20000458        0x0 c:/ti/ccsv8/tools/compiler/gcc-arm-none-eabi-7-2017-q4-major-win32/bin/../lib/gcc/arm-none-eabi/7.2.1/../../../../arm-none-eabi/lib/thumb/v7e-m/fpv4-sp/hard\libg.a(lib_a-atexit.o)
 .bss           0x20000458        0x0 c:/ti/ccsv8/tools/compiler/gcc-arm-none-eabi-7-2017-q4-major-win32/bin/../lib/gcc/arm-none-eabi/7.2.1/../../../../arm-none-eabi/lib/thumb/v7e-m/fpv4-sp/hard\libg.a(lib_a-fini.o)
 .bss           0x20000458        0x0 c:/ti/ccsv8/tools/compiler/gcc-arm-none-eabi-7-2017-q4-major-win32/bin/../lib/gcc/arm-none-eabi/7.2.1/../../../../arm-none-eabi/lib/thumb/v7e-m/fpv4-sp/hard\libg.a(lib_a-lock.o)
 .bss           0x20000458        0x0 c:/ti/ccsv8/tools/compiler/gcc-arm-none-eabi-7-2017-q4-major-win32/bin/../lib/gcc/arm-none-eabi/7.2.1/../../../../arm-none-eabi/lib/thumb/v7e-m/fpv4-sp/hard\libg.a(lib_a-__atexit.o)
 .bss           0x20000458        0x0 c:/ti/ccsv8/tools/compiler/gcc-arm-none-eabi-7-2017-q4-major-win32/bin/../lib/gcc/arm-none-eabi/7.2.1/../../../../arm-none-eabi/lib/thumb/v7e-m/fpv4-sp/hard\libnosys.a(_exit.o)
 .bss           0x20000458        0x0 c:/ti/ccsv8/tools/compiler/gcc-arm-none-eabi-7-2017-q4-major-win32/bin/../lib/gcc/arm-none-eabi/7.2.1/thumb/v7e-m/fpv4-sp/hard/crtend.o
 .bss           0x20000458        0x0 c:/ti/ccsv8/tools/compiler/gcc-arm-none-eabi-7-2017-q4-major-win32/bin/../lib/gcc/arm-none-eabi/7.2.1/thumb/v7e-m/fpv4-sp/hard/crtn.o
 *(.bss.*)
 .bss.ticks     0x20000458        0x2 ./systick.o
                0x20000458                ticks
 *fill*         0x2000045a        0x2 
 .bss.pui32Stack
                0x2000045c      0x200 ./tm4c123gh6pm_startup_ccs_gcc.o
 *(COMMON)
 COMMON         0x2000065c       0x21 c:/ti/ccsv8/tools/compiler/gcc-arm-none-eabi-7-2017-q4-major-win32/bin/../lib/gcc/arm-none-eabi/7.2.1/../../../../arm-none-eabi/lib/thumb/v7e-m/fpv4-sp/hard\libg.a(lib_a-lock.o)
                0x2000065c                __lock___atexit_recursive_mutex
                0x20000660                __lock___arc4random_mutex
                0x20000664                __lock___env_recursive_mutex
                0x20000668                __lock___sinit_recursive_mutex
                0x2000066c                __lock___malloc_recursive_mutex
                0x20000670                __lock___at_quick_exit_mutex
                0x20000674                __lock___dd_hash_mutex
                0x20000678                __lock___tz_mutex
                0x2000067c                __lock___sfp_recursive_mutex
                0x20000680                . = ALIGN (0x4)
 *fill*         0x2000067d        0x3 
                0x20000680                __bss_end__ = .

.heap           0x20000680        0x0
                0x20000680                __heap_start__ = .
                0x20000680                end = __heap_start__
                0x20000680                _end = end
                0x20000680                __end = end
 *(.heap)
                0x20000680                __heap_end__ = .
                0x20000680                __HeapLimit = __heap_end__

.stack          0x20000680        0x0
                0x20000680                _stack = .
                0x20000680                __stack = .
 *(.stack)
START GROUP
LOAD c:/ti/ccsv8/tools/compiler/gcc-arm-none-eabi-7-2017-q4-major-win32/bin/../lib/gcc/arm-none-eabi/7.2.1/thumb/v7e-m/fpv4-sp/hard\libgcc.a
LOAD c:/ti/ccsv8/tools/compiler/gcc-arm-none-eabi-7-2017-q4-major-win32/bin/../lib/gcc/arm-none-eabi/7.2.1/../../../../arm-none-eabi/lib/thumb/v7e-m/fpv4-sp/hard\libg.a
LOAD c:/ti/ccsv8/tools/compiler/gcc-arm-none-eabi-7-2017-q4-major-win32/bin/../lib/gcc/arm-none-eabi/7.2.1/../../../../arm-none-eabi/lib/thumb/v7e-m/fpv4-sp/hard\libc.a
END GROUP
START GROUP
LOAD c:/ti/ccsv8/tools/compiler/gcc-arm-none-eabi-7-2017-q4-major-win32/bin/../lib/gcc/arm-none-eabi/7.2.1/thumb/v7e-m/fpv4-sp/hard\libgcc.a
LOAD c:/ti/ccsv8/tools/compiler/gcc-arm-none-eabi-7-2017-q4-major-win32/bin/../lib/gcc/arm-none-eabi/7.2.1/../../../../arm-none-eabi/lib/thumb/v7e-m/fpv4-sp/hard\libc.a
LOAD c:/ti/ccsv8/tools/compiler/gcc-arm-none-eabi-7-2017-q4-major-win32/bin/../lib/gcc/arm-none-eabi/7.2.1/../../../../arm-none-eabi/lib/thumb/v7e-m/fpv4-sp/hard\libnosys.a
END GROUP
LOAD c:/ti/ccsv8/tools/compiler/gcc-arm-none-eabi-7-2017-q4-major-win32/bin/../lib/gcc/arm-none-eabi/7.2.1/thumb/v7e-m/fpv4-sp/hard/crtend.o
LOAD c:/ti/ccsv8/tools/compiler/gcc-arm-none-eabi-7-2017-q4-major-win32/bin/../lib/gcc/arm-none-eabi/7.2.1/thumb/v7e-m/fpv4-sp/hard/crtn.o
OUTPUT(SPI_Simple.out elf32-littlearm)

.ARM.attributes
                0x00000000       0x30
 .ARM.attributes
                0x00000000       0x22 c:/ti/ccsv8/tools/compiler/gcc-arm-none-eabi-7-2017-q4-major-win32/bin/../lib/gcc/arm-none-eabi/7.2.1/thumb/v7e-m/fpv4-sp/hard/crti.o
 .ARM.attributes
                0x00000022       0x34 c:/ti/ccsv8/tools/compiler/gcc-arm-none-eabi-7-2017-q4-major-win32/bin/../lib/gcc/arm-none-eabi/7.2.1/thumb/v7e-m/fpv4-sp/hard/crtbegin.o
 .ARM.attributes
                0x00000056       0x20 c:/ti/ccsv8/tools/compiler/gcc-arm-none-eabi-7-2017-q4-major-win32/bin/../lib/gcc/arm-none-eabi/7.2.1/../../../../arm-none-eabi/lib/thumb/v7e-m/fpv4-sp/hard/crt0.o
 .ARM.attributes
                0x00000076       0x39 ./main.o
 .ARM.attributes
                0x000000af       0x39 ./spi.o
 .ARM.attributes
                0x000000e8       0x39 ./systick.o
 .ARM.attributes
                0x00000121       0x39 ./tm4c123gh6pm_startup_ccs_gcc.o
 .ARM.attributes
                0x0000015a       0x34 c:/ti/ccsv8/tools/compiler/gcc-arm-none-eabi-7-2017-q4-major-win32/bin/../lib/gcc/arm-none-eabi/7.2.1/../../../../arm-none-eabi/lib/thumb/v7e-m/fpv4-sp/hard\libg.a(lib_a-exit.o)
 .ARM.attributes
                0x0000018e       0x34 c:/ti/ccsv8/tools/compiler/gcc-arm-none-eabi-7-2017-q4-major-win32/bin/../lib/gcc/arm-none-eabi/7.2.1/../../../../arm-none-eabi/lib/thumb/v7e-m/fpv4-sp/hard\libg.a(lib_a-impure.o)
 .ARM.attributes
                0x000001c2       0x34 c:/ti/ccsv8/tools/compiler/gcc-arm-none-eabi-7-2017-q4-major-win32/bin/../lib/gcc/arm-none-eabi/7.2.1/../../../../arm-none-eabi/lib/thumb/v7e-m/fpv4-sp/hard\libg.a(lib_a-init.o)
 .ARM.attributes
                0x000001f6       0x34 c:/ti/ccsv8/tools/compiler/gcc-arm-none-eabi-7-2017-q4-major-win32/bin/../lib/gcc/arm-none-eabi/7.2.1/../../../../arm-none-eabi/lib/thumb/v7e-m/fpv4-sp/hard\libg.a(lib_a-memset.o)
 .ARM.attributes
                0x0000022a       0x34 c:/ti/ccsv8/tools/compiler/gcc-arm-none-eabi-7-2017-q4-major-win32/bin/../lib/gcc/arm-none-eabi/7.2.1/../../../../arm-none-eabi/lib/thumb/v7e-m/fpv4-sp/hard\libg.a(lib_a-__call_atexit.o)
 .ARM.attributes
                0x0000025e       0x34 c:/ti/ccsv8/tools/compiler/gcc-arm-none-eabi-7-2017-q4-major-win32/bin/../lib/gcc/arm-none-eabi/7.2.1/../../../../arm-none-eabi/lib/thumb/v7e-m/fpv4-sp/hard\libg.a(lib_a-atexit.o)
 .ARM.attributes
                0x00000292       0x34 c:/ti/ccsv8/tools/compiler/gcc-arm-none-eabi-7-2017-q4-major-win32/bin/../lib/gcc/arm-none-eabi/7.2.1/../../../../arm-none-eabi/lib/thumb/v7e-m/fpv4-sp/hard\libg.a(lib_a-fini.o)
 .ARM.attributes
                0x000002c6       0x34 c:/ti/ccsv8/tools/compiler/gcc-arm-none-eabi-7-2017-q4-major-win32/bin/../lib/gcc/arm-none-eabi/7.2.1/../../../../arm-none-eabi/lib/thumb/v7e-m/fpv4-sp/hard\libg.a(lib_a-lock.o)
 .ARM.attributes
                0x000002fa       0x34 c:/ti/ccsv8/tools/compiler/gcc-arm-none-eabi-7-2017-q4-major-win32/bin/../lib/gcc/arm-none-eabi/7.2.1/../../../../arm-none-eabi/lib/thumb/v7e-m/fpv4-sp/hard\libg.a(lib_a-__atexit.o)
 .ARM.attributes
                0x0000032e       0x34 c:/ti/ccsv8/tools/compiler/gcc-arm-none-eabi-7-2017-q4-major-win32/bin/../lib/gcc/arm-none-eabi/7.2.1/../../../../arm-none-eabi/lib/thumb/v7e-m/fpv4-sp/hard\libnosys.a(_exit.o)
 .ARM.attributes
                0x00000362       0x34 c:/ti/ccsv8/tools/compiler/gcc-arm-none-eabi-7-2017-q4-major-win32/bin/../lib/gcc/arm-none-eabi/7.2.1/thumb/v7e-m/fpv4-sp/hard/crtend.o
 .ARM.attributes
                0x00000396       0x22 c:/ti/ccsv8/tools/compiler/gcc-arm-none-eabi-7-2017-q4-major-win32/bin/../lib/gcc/arm-none-eabi/7.2.1/thumb/v7e-m/fpv4-sp/hard/crtn.o

.comment        0x00000000       0x7e
 .comment       0x00000000       0x7e ./main.o
                                 0x7f (size before relaxing)
 .comment       0x0000007e       0x7f ./spi.o
 .comment       0x0000007e       0x7f ./systick.o
 .comment       0x0000007e       0x7f ./tm4c123gh6pm_startup_ccs_gcc.o

.debug_info     0x00000000      0x4f6
 .debug_info    0x00000000       0xfa ./main.o
 .debug_info    0x000000fa      0x173 ./spi.o
 .debug_info    0x0000026d       0xfb ./systick.o
 .debug_info    0x00000368      0x18e ./tm4c123gh6pm_startup_ccs_gcc.o

.debug_abbrev   0x00000000      0x286
 .debug_abbrev  0x00000000       0x75 ./main.o
 .debug_abbrev  0x00000075       0xd0 ./spi.o
 .debug_abbrev  0x00000145       0x77 ./systick.o
 .debug_abbrev  0x000001bc       0xca ./tm4c123gh6pm_startup_ccs_gcc.o

.debug_aranges  0x00000000       0xd8
 .debug_aranges
                0x00000000       0x20 ./main.o
 .debug_aranges
                0x00000020       0x48 ./spi.o
 .debug_aranges
                0x00000068       0x38 ./systick.o
 .debug_aranges
                0x000000a0       0x38 ./tm4c123gh6pm_startup_ccs_gcc.o

.debug_ranges   0x00000000       0x98
 .debug_ranges  0x00000000       0x10 ./main.o
 .debug_ranges  0x00000010       0x38 ./spi.o
 .debug_ranges  0x00000048       0x28 ./systick.o
 .debug_ranges  0x00000070       0x28 ./tm4c123gh6pm_startup_ccs_gcc.o

.debug_line     0x00000000      0x609
 .debug_line    0x00000000      0x15d ./main.o
 .debug_line    0x0000015d      0x1c4 ./spi.o
 .debug_line    0x00000321      0x17b ./systick.o
 .debug_line    0x0000049c      0x16d ./tm4c123gh6pm_startup_ccs_gcc.o

.debug_str      0x00000000      0x310
 .debug_str     0x00000000      0x1a7 ./main.o
                                0x1e4 (size before relaxing)
 .debug_str     0x000001a7       0x5f ./spi.o
                                0x217 (size before relaxing)
 .debug_str     0x00000206       0x4f ./systick.o
                                0x202 (size before relaxing)
 .debug_str     0x00000255       0xbb ./tm4c123gh6pm_startup_ccs_gcc.o
                                0x254 (size before relaxing)

.debug_frame    0x00000000      0x458
 .debug_frame   0x00000000       0x30 ./main.o
 .debug_frame   0x00000030       0xdc ./spi.o
 .debug_frame   0x0000010c       0x90 ./systick.o
 .debug_frame   0x0000019c       0x7c ./tm4c123gh6pm_startup_ccs_gcc.o
 .debug_frame   0x00000218       0x28 c:/ti/ccsv8/tools/compiler/gcc-arm-none-eabi-7-2017-q4-major-win32/bin/../lib/gcc/arm-none-eabi/7.2.1/../../../../arm-none-eabi/lib/thumb/v7e-m/fpv4-sp/hard\libg.a(lib_a-exit.o)
 .debug_frame   0x00000240       0x2c c:/ti/ccsv8/tools/compiler/gcc-arm-none-eabi-7-2017-q4-major-win32/bin/../lib/gcc/arm-none-eabi/7.2.1/../../../../arm-none-eabi/lib/thumb/v7e-m/fpv4-sp/hard\libg.a(lib_a-init.o)
 .debug_frame   0x0000026c       0x38 c:/ti/ccsv8/tools/compiler/gcc-arm-none-eabi-7-2017-q4-major-win32/bin/../lib/gcc/arm-none-eabi/7.2.1/../../../../arm-none-eabi/lib/thumb/v7e-m/fpv4-sp/hard\libg.a(lib_a-memset.o)
 .debug_frame   0x000002a4       0x5c c:/ti/ccsv8/tools/compiler/gcc-arm-none-eabi-7-2017-q4-major-win32/bin/../lib/gcc/arm-none-eabi/7.2.1/../../../../arm-none-eabi/lib/thumb/v7e-m/fpv4-sp/hard\libg.a(lib_a-__call_atexit.o)
 .debug_frame   0x00000300       0x20 c:/ti/ccsv8/tools/compiler/gcc-arm-none-eabi-7-2017-q4-major-win32/bin/../lib/gcc/arm-none-eabi/7.2.1/../../../../arm-none-eabi/lib/thumb/v7e-m/fpv4-sp/hard\libg.a(lib_a-atexit.o)
 .debug_frame   0x00000320       0x34 c:/ti/ccsv8/tools/compiler/gcc-arm-none-eabi-7-2017-q4-major-win32/bin/../lib/gcc/arm-none-eabi/7.2.1/../../../../arm-none-eabi/lib/thumb/v7e-m/fpv4-sp/hard\libg.a(lib_a-fini.o)
 .debug_frame   0x00000354       0xb0 c:/ti/ccsv8/tools/compiler/gcc-arm-none-eabi-7-2017-q4-major-win32/bin/../lib/gcc/arm-none-eabi/7.2.1/../../../../arm-none-eabi/lib/thumb/v7e-m/fpv4-sp/hard\libg.a(lib_a-lock.o)
 .debug_frame   0x00000404       0x34 c:/ti/ccsv8/tools/compiler/gcc-arm-none-eabi-7-2017-q4-major-win32/bin/../lib/gcc/arm-none-eabi/7.2.1/../../../../arm-none-eabi/lib/thumb/v7e-m/fpv4-sp/hard\libg.a(lib_a-__atexit.o)
 .debug_frame   0x00000438       0x20 c:/ti/ccsv8/tools/compiler/gcc-arm-none-eabi-7-2017-q4-major-win32/bin/../lib/gcc/arm-none-eabi/7.2.1/../../../../arm-none-eabi/lib/thumb/v7e-m/fpv4-sp/hard\libnosys.a(_exit.o)
