Archive member included to satisfy reference by file (symbol)

c:/ti/ccsv8/tools/compiler/gcc-arm-none-eabi-7-2017-q4-major-win32/bin/../lib/gcc/arm-none-eabi/7.2.1/thumb/v7e-m/fpv4-sp/hard\libgcc.a(_arm_addsubdf3.o)
                              ./leds.o (__aeabi_i2d)
c:/ti/ccsv8/tools/compiler/gcc-arm-none-eabi-7-2017-q4-major-win32/bin/../lib/gcc/arm-none-eabi/7.2.1/thumb/v7e-m/fpv4-sp/hard\libgcc.a(_arm_muldivdf3.o)
                              ./leds.o (__aeabi_ddiv)
c:/ti/ccsv8/tools/compiler/gcc-arm-none-eabi-7-2017-q4-major-win32/bin/../lib/gcc/arm-none-eabi/7.2.1/thumb/v7e-m/fpv4-sp/hard\libgcc.a(_arm_fixunsdfsi.o)
                              ./leds.o (__aeabi_d2uiz)
c:/ti/ccsv8/tools/compiler/gcc-arm-none-eabi-7-2017-q4-major-win32/bin/../lib/gcc/arm-none-eabi/7.2.1/../../../../arm-none-eabi/lib/thumb/v7e-m/fpv4-sp/hard\libg.a(lib_a-exit.o)
                              c:/ti/ccsv8/tools/compiler/gcc-arm-none-eabi-7-2017-q4-major-win32/bin/../lib/gcc/arm-none-eabi/7.2.1/../../../../arm-none-eabi/lib/thumb/v7e-m/fpv4-sp/hard/crt0.o (exit)
c:/ti/ccsv8/tools/compiler/gcc-arm-none-eabi-7-2017-q4-major-win32/bin/../lib/gcc/arm-none-eabi/7.2.1/../../../../arm-none-eabi/lib/thumb/v7e-m/fpv4-sp/hard\libg.a(lib_a-impure.o)
                              c:/ti/ccsv8/tools/compiler/gcc-arm-none-eabi-7-2017-q4-major-win32/bin/../lib/gcc/arm-none-eabi/7.2.1/../../../../arm-none-eabi/lib/thumb/v7e-m/fpv4-sp/hard\libg.a(lib_a-exit.o) (_global_impure_ptr)
c:/ti/ccsv8/tools/compiler/gcc-arm-none-eabi-7-2017-q4-major-win32/bin/../lib/gcc/arm-none-eabi/7.2.1/../../../../arm-none-eabi/lib/thumb/v7e-m/fpv4-sp/hard\libg.a(lib_a-init.o)
                              c:/ti/ccsv8/tools/compiler/gcc-arm-none-eabi-7-2017-q4-major-win32/bin/../lib/gcc/arm-none-eabi/7.2.1/../../../../arm-none-eabi/lib/thumb/v7e-m/fpv4-sp/hard/crt0.o (__libc_init_array)
c:/ti/ccsv8/tools/compiler/gcc-arm-none-eabi-7-2017-q4-major-win32/bin/../lib/gcc/arm-none-eabi/7.2.1/../../../../arm-none-eabi/lib/thumb/v7e-m/fpv4-sp/hard\libg.a(lib_a-memcpy.o)
                              ./queue.o (memcpy)
c:/ti/ccsv8/tools/compiler/gcc-arm-none-eabi-7-2017-q4-major-win32/bin/../lib/gcc/arm-none-eabi/7.2.1/../../../../arm-none-eabi/lib/thumb/v7e-m/fpv4-sp/hard\libg.a(lib_a-memset.o)
                              c:/ti/ccsv8/tools/compiler/gcc-arm-none-eabi-7-2017-q4-major-win32/bin/../lib/gcc/arm-none-eabi/7.2.1/../../../../arm-none-eabi/lib/thumb/v7e-m/fpv4-sp/hard/crt0.o (memset)
c:/ti/ccsv8/tools/compiler/gcc-arm-none-eabi-7-2017-q4-major-win32/bin/../lib/gcc/arm-none-eabi/7.2.1/../../../../arm-none-eabi/lib/thumb/v7e-m/fpv4-sp/hard\libg.a(lib_a-strncpy.o)
                              ./tasks.o (strncpy)
c:/ti/ccsv8/tools/compiler/gcc-arm-none-eabi-7-2017-q4-major-win32/bin/../lib/gcc/arm-none-eabi/7.2.1/../../../../arm-none-eabi/lib/thumb/v7e-m/fpv4-sp/hard\libg.a(lib_a-__call_atexit.o)
                              c:/ti/ccsv8/tools/compiler/gcc-arm-none-eabi-7-2017-q4-major-win32/bin/../lib/gcc/arm-none-eabi/7.2.1/../../../../arm-none-eabi/lib/thumb/v7e-m/fpv4-sp/hard\libg.a(lib_a-exit.o) (__call_exitprocs)
c:/ti/ccsv8/tools/compiler/gcc-arm-none-eabi-7-2017-q4-major-win32/bin/../lib/gcc/arm-none-eabi/7.2.1/../../../../arm-none-eabi/lib/thumb/v7e-m/fpv4-sp/hard\libg.a(lib_a-atexit.o)
                              c:/ti/ccsv8/tools/compiler/gcc-arm-none-eabi-7-2017-q4-major-win32/bin/../lib/gcc/arm-none-eabi/7.2.1/../../../../arm-none-eabi/lib/thumb/v7e-m/fpv4-sp/hard\libg.a(lib_a-__call_atexit.o) (atexit)
c:/ti/ccsv8/tools/compiler/gcc-arm-none-eabi-7-2017-q4-major-win32/bin/../lib/gcc/arm-none-eabi/7.2.1/../../../../arm-none-eabi/lib/thumb/v7e-m/fpv4-sp/hard\libg.a(lib_a-fini.o)
                              c:/ti/ccsv8/tools/compiler/gcc-arm-none-eabi-7-2017-q4-major-win32/bin/../lib/gcc/arm-none-eabi/7.2.1/../../../../arm-none-eabi/lib/thumb/v7e-m/fpv4-sp/hard\libg.a(lib_a-__call_atexit.o) (__libc_fini_array)
c:/ti/ccsv8/tools/compiler/gcc-arm-none-eabi-7-2017-q4-major-win32/bin/../lib/gcc/arm-none-eabi/7.2.1/../../../../arm-none-eabi/lib/thumb/v7e-m/fpv4-sp/hard\libg.a(lib_a-lock.o)
                              c:/ti/ccsv8/tools/compiler/gcc-arm-none-eabi-7-2017-q4-major-win32/bin/../lib/gcc/arm-none-eabi/7.2.1/../../../../arm-none-eabi/lib/thumb/v7e-m/fpv4-sp/hard\libg.a(lib_a-__call_atexit.o) (__retarget_lock_acquire_recursive)
c:/ti/ccsv8/tools/compiler/gcc-arm-none-eabi-7-2017-q4-major-win32/bin/../lib/gcc/arm-none-eabi/7.2.1/../../../../arm-none-eabi/lib/thumb/v7e-m/fpv4-sp/hard\libg.a(lib_a-__atexit.o)
                              c:/ti/ccsv8/tools/compiler/gcc-arm-none-eabi-7-2017-q4-major-win32/bin/../lib/gcc/arm-none-eabi/7.2.1/../../../../arm-none-eabi/lib/thumb/v7e-m/fpv4-sp/hard\libg.a(lib_a-atexit.o) (__register_exitproc)
c:/ti/ccsv8/tools/compiler/gcc-arm-none-eabi-7-2017-q4-major-win32/bin/../lib/gcc/arm-none-eabi/7.2.1/../../../../arm-none-eabi/lib/thumb/v7e-m/fpv4-sp/hard\libnosys.a(_exit.o)
                              c:/ti/ccsv8/tools/compiler/gcc-arm-none-eabi-7-2017-q4-major-win32/bin/../lib/gcc/arm-none-eabi/7.2.1/../../../../arm-none-eabi/lib/thumb/v7e-m/fpv4-sp/hard\libg.a(lib_a-exit.o) (_exit)

Allocating common symbols
Common symbol       size              file

__lock___atexit_recursive_mutex
                    0x1               c:/ti/ccsv8/tools/compiler/gcc-arm-none-eabi-7-2017-q4-major-win32/bin/../lib/gcc/arm-none-eabi/7.2.1/../../../../arm-none-eabi/lib/thumb/v7e-m/fpv4-sp/hard\libg.a(lib_a-lock.o)
__lock___arc4random_mutex
                    0x1               c:/ti/ccsv8/tools/compiler/gcc-arm-none-eabi-7-2017-q4-major-win32/bin/../lib/gcc/arm-none-eabi/7.2.1/../../../../arm-none-eabi/lib/thumb/v7e-m/fpv4-sp/hard\libg.a(lib_a-lock.o)
__lock___env_recursive_mutex
                    0x1               c:/ti/ccsv8/tools/compiler/gcc-arm-none-eabi-7-2017-q4-major-win32/bin/../lib/gcc/arm-none-eabi/7.2.1/../../../../arm-none-eabi/lib/thumb/v7e-m/fpv4-sp/hard\libg.a(lib_a-lock.o)
__lock___sinit_recursive_mutex
                    0x1               c:/ti/ccsv8/tools/compiler/gcc-arm-none-eabi-7-2017-q4-major-win32/bin/../lib/gcc/arm-none-eabi/7.2.1/../../../../arm-none-eabi/lib/thumb/v7e-m/fpv4-sp/hard\libg.a(lib_a-lock.o)
__lock___malloc_recursive_mutex
                    0x1               c:/ti/ccsv8/tools/compiler/gcc-arm-none-eabi-7-2017-q4-major-win32/bin/../lib/gcc/arm-none-eabi/7.2.1/../../../../arm-none-eabi/lib/thumb/v7e-m/fpv4-sp/hard\libg.a(lib_a-lock.o)
__lock___at_quick_exit_mutex
                    0x1               c:/ti/ccsv8/tools/compiler/gcc-arm-none-eabi-7-2017-q4-major-win32/bin/../lib/gcc/arm-none-eabi/7.2.1/../../../../arm-none-eabi/lib/thumb/v7e-m/fpv4-sp/hard\libg.a(lib_a-lock.o)
__lock___dd_hash_mutex
                    0x1               c:/ti/ccsv8/tools/compiler/gcc-arm-none-eabi-7-2017-q4-major-win32/bin/../lib/gcc/arm-none-eabi/7.2.1/../../../../arm-none-eabi/lib/thumb/v7e-m/fpv4-sp/hard\libg.a(lib_a-lock.o)
__lock___tz_mutex   0x1               c:/ti/ccsv8/tools/compiler/gcc-arm-none-eabi-7-2017-q4-major-win32/bin/../lib/gcc/arm-none-eabi/7.2.1/../../../../arm-none-eabi/lib/thumb/v7e-m/fpv4-sp/hard\libg.a(lib_a-lock.o)
__lock___sfp_recursive_mutex
                    0x1               c:/ti/ccsv8/tools/compiler/gcc-arm-none-eabi-7-2017-q4-major-win32/bin/../lib/gcc/arm-none-eabi/7.2.1/../../../../arm-none-eabi/lib/thumb/v7e-m/fpv4-sp/hard\libg.a(lib_a-lock.o)

Memory Configuration

Name             Origin             Length             Attributes
FLASH            0x00000000         0x00040000         xr
SRAM             0x20000000         0x00008000         xw
*default*        0x00000000         0xffffffff

Linker script and memory map

LOAD c:/ti/ccsv8/tools/compiler/gcc-arm-none-eabi-7-2017-q4-major-win32/bin/../lib/gcc/arm-none-eabi/7.2.1/thumb/v7e-m/fpv4-sp/hard/crti.o
LOAD c:/ti/ccsv8/tools/compiler/gcc-arm-none-eabi-7-2017-q4-major-win32/bin/../lib/gcc/arm-none-eabi/7.2.1/thumb/v7e-m/fpv4-sp/hard/crtbegin.o
LOAD c:/ti/ccsv8/tools/compiler/gcc-arm-none-eabi-7-2017-q4-major-win32/bin/../lib/gcc/arm-none-eabi/7.2.1/../../../../arm-none-eabi/lib/thumb/v7e-m/fpv4-sp/hard/crt0.o
LOAD ./adc.o
LOAD ./common.o
LOAD ./croutine.o
LOAD ./gpio.o
LOAD ./heap_2.o
LOAD ./leds.o
LOAD ./list.o
LOAD ./main.o
LOAD ./port.o
LOAD ./queue.o
LOAD ./startup_frt.o
LOAD ./systick_frt.o
LOAD ./tasks.o
                0x00000000                PROVIDE (_intvecs_base_address, 0x0)

.intvecs        0x00000000      0x26c
 *(.intvecs)
 .intvecs       0x00000000      0x26c ./startup_frt.o
                0x00000000                g_pfnVectors
                0x20000000                PROVIDE (_vtable_base_address, 0x20000000)

.vtable
 *(.vtable)

.text           0x00000270     0x31a4
 CREATE_OBJECT_SYMBOLS
 *(.text)
 .text          0x00000270        0x0 c:/ti/ccsv8/tools/compiler/gcc-arm-none-eabi-7-2017-q4-major-win32/bin/../lib/gcc/arm-none-eabi/7.2.1/thumb/v7e-m/fpv4-sp/hard/crti.o
 .text          0x00000270       0x40 c:/ti/ccsv8/tools/compiler/gcc-arm-none-eabi-7-2017-q4-major-win32/bin/../lib/gcc/arm-none-eabi/7.2.1/thumb/v7e-m/fpv4-sp/hard/crtbegin.o
 .text          0x000002b0       0x74 c:/ti/ccsv8/tools/compiler/gcc-arm-none-eabi-7-2017-q4-major-win32/bin/../lib/gcc/arm-none-eabi/7.2.1/../../../../arm-none-eabi/lib/thumb/v7e-m/fpv4-sp/hard/crt0.o
                0x000002b0                _start
                0x000002b0                _mainCRTStartup
 .text          0x00000324        0x0 ./adc.o
 .text          0x00000324        0x0 ./common.o
 .text          0x00000324        0x0 ./croutine.o
 .text          0x00000324        0x0 ./gpio.o
 .text          0x00000324        0x0 ./heap_2.o
 .text          0x00000324        0x0 ./leds.o
 .text          0x00000324        0x0 ./list.o
 .text          0x00000324        0x0 ./main.o
 .text          0x00000324        0x0 ./port.o
 .text          0x00000324        0x0 ./queue.o
 .text          0x00000324        0x0 ./startup_frt.o
 .text          0x00000324        0x0 ./systick_frt.o
 .text          0x00000324        0x0 ./tasks.o
 .text          0x00000324      0x378 c:/ti/ccsv8/tools/compiler/gcc-arm-none-eabi-7-2017-q4-major-win32/bin/../lib/gcc/arm-none-eabi/7.2.1/thumb/v7e-m/fpv4-sp/hard\libgcc.a(_arm_addsubdf3.o)
                0x00000324                __aeabi_drsub
                0x0000032c                __aeabi_dsub
                0x0000032c                __subdf3
                0x00000330                __aeabi_dadd
                0x00000330                __adddf3
                0x000005a8                __floatunsidf
                0x000005a8                __aeabi_ui2d
                0x000005c8                __floatsidf
                0x000005c8                __aeabi_i2d
                0x000005ec                __aeabi_f2d
                0x000005ec                __extendsfdf2
                0x00000630                __floatundidf
                0x00000630                __aeabi_ul2d
                0x00000640                __floatdidf
                0x00000640                __aeabi_l2d
 .text          0x0000069c      0x424 c:/ti/ccsv8/tools/compiler/gcc-arm-none-eabi-7-2017-q4-major-win32/bin/../lib/gcc/arm-none-eabi/7.2.1/thumb/v7e-m/fpv4-sp/hard\libgcc.a(_arm_muldivdf3.o)
                0x0000069c                __aeabi_dmul
                0x0000069c                __muldf3
                0x000008f0                __divdf3
                0x000008f0                __aeabi_ddiv
 .text          0x00000ac0       0x40 c:/ti/ccsv8/tools/compiler/gcc-arm-none-eabi-7-2017-q4-major-win32/bin/../lib/gcc/arm-none-eabi/7.2.1/thumb/v7e-m/fpv4-sp/hard\libgcc.a(_arm_fixunsdfsi.o)
                0x00000ac0                __aeabi_d2uiz
                0x00000ac0                __fixunsdfsi
 .text          0x00000b00        0x0 c:/ti/ccsv8/tools/compiler/gcc-arm-none-eabi-7-2017-q4-major-win32/bin/../lib/gcc/arm-none-eabi/7.2.1/../../../../arm-none-eabi/lib/thumb/v7e-m/fpv4-sp/hard\libg.a(lib_a-exit.o)
 .text          0x00000b00        0x0 c:/ti/ccsv8/tools/compiler/gcc-arm-none-eabi-7-2017-q4-major-win32/bin/../lib/gcc/arm-none-eabi/7.2.1/../../../../arm-none-eabi/lib/thumb/v7e-m/fpv4-sp/hard\libg.a(lib_a-impure.o)
 .text          0x00000b00        0x0 c:/ti/ccsv8/tools/compiler/gcc-arm-none-eabi-7-2017-q4-major-win32/bin/../lib/gcc/arm-none-eabi/7.2.1/../../../../arm-none-eabi/lib/thumb/v7e-m/fpv4-sp/hard\libg.a(lib_a-init.o)
 .text          0x00000b00      0x134 c:/ti/ccsv8/tools/compiler/gcc-arm-none-eabi-7-2017-q4-major-win32/bin/../lib/gcc/arm-none-eabi/7.2.1/../../../../arm-none-eabi/lib/thumb/v7e-m/fpv4-sp/hard\libg.a(lib_a-memcpy.o)
                0x00000b00                memcpy
 .text          0x00000c34        0x0 c:/ti/ccsv8/tools/compiler/gcc-arm-none-eabi-7-2017-q4-major-win32/bin/../lib/gcc/arm-none-eabi/7.2.1/../../../../arm-none-eabi/lib/thumb/v7e-m/fpv4-sp/hard\libg.a(lib_a-memset.o)
 .text          0x00000c34        0x0 c:/ti/ccsv8/tools/compiler/gcc-arm-none-eabi-7-2017-q4-major-win32/bin/../lib/gcc/arm-none-eabi/7.2.1/../../../../arm-none-eabi/lib/thumb/v7e-m/fpv4-sp/hard\libg.a(lib_a-strncpy.o)
 .text          0x00000c34        0x0 c:/ti/ccsv8/tools/compiler/gcc-arm-none-eabi-7-2017-q4-major-win32/bin/../lib/gcc/arm-none-eabi/7.2.1/../../../../arm-none-eabi/lib/thumb/v7e-m/fpv4-sp/hard\libg.a(lib_a-__call_atexit.o)
 .text          0x00000c34        0x0 c:/ti/ccsv8/tools/compiler/gcc-arm-none-eabi-7-2017-q4-major-win32/bin/../lib/gcc/arm-none-eabi/7.2.1/../../../../arm-none-eabi/lib/thumb/v7e-m/fpv4-sp/hard\libg.a(lib_a-atexit.o)
 .text          0x00000c34        0x0 c:/ti/ccsv8/tools/compiler/gcc-arm-none-eabi-7-2017-q4-major-win32/bin/../lib/gcc/arm-none-eabi/7.2.1/../../../../arm-none-eabi/lib/thumb/v7e-m/fpv4-sp/hard\libg.a(lib_a-fini.o)
 .text          0x00000c34        0x0 c:/ti/ccsv8/tools/compiler/gcc-arm-none-eabi-7-2017-q4-major-win32/bin/../lib/gcc/arm-none-eabi/7.2.1/../../../../arm-none-eabi/lib/thumb/v7e-m/fpv4-sp/hard\libg.a(lib_a-lock.o)
 .text          0x00000c34        0x0 c:/ti/ccsv8/tools/compiler/gcc-arm-none-eabi-7-2017-q4-major-win32/bin/../lib/gcc/arm-none-eabi/7.2.1/../../../../arm-none-eabi/lib/thumb/v7e-m/fpv4-sp/hard\libg.a(lib_a-__atexit.o)
 .text          0x00000c34        0x0 c:/ti/ccsv8/tools/compiler/gcc-arm-none-eabi-7-2017-q4-major-win32/bin/../lib/gcc/arm-none-eabi/7.2.1/../../../../arm-none-eabi/lib/thumb/v7e-m/fpv4-sp/hard\libnosys.a(_exit.o)
 .text          0x00000c34        0x0 c:/ti/ccsv8/tools/compiler/gcc-arm-none-eabi-7-2017-q4-major-win32/bin/../lib/gcc/arm-none-eabi/7.2.1/thumb/v7e-m/fpv4-sp/hard/crtend.o
 .text          0x00000c34        0x0 c:/ti/ccsv8/tools/compiler/gcc-arm-none-eabi-7-2017-q4-major-win32/bin/../lib/gcc/arm-none-eabi/7.2.1/thumb/v7e-m/fpv4-sp/hard/crtn.o
 *(.text.*)
 .text.get_adc  0x00000c34       0x18 ./adc.o
                0x00000c34                get_adc
 .text.init_adc
                0x00000c4c       0x74 ./adc.o
                0x00000c4c                init_adc
 .text.vApplicationStackOverflowHook
                0x00000cc0       0x2a ./common.o
                0x00000cc0                vApplicationStackOverflowHook
 *fill*         0x00000cea        0x2 
 .text.xCoRoutineCreate
                0x00000cec       0xcc ./croutine.o
                0x00000cec                xCoRoutineCreate
 .text.vCoRoutineAddToDelayedList
                0x00000db8       0x84 ./croutine.o
                0x00000db8                vCoRoutineAddToDelayedList
 .text.prvCheckPendingReadyList
                0x00000e3c       0x8c ./croutine.o
 .text.prvCheckDelayedList
                0x00000ec8      0x108 ./croutine.o
 .text.vCoRoutineSchedule
                0x00000fd0       0xa0 ./croutine.o
                0x00000fd0                vCoRoutineSchedule
 .text.prvInitialiseCoRoutineLists
                0x00001070       0x6c ./croutine.o
 .text.xCoRoutineRemoveFromEventList
                0x000010dc       0x5c ./croutine.o
                0x000010dc                xCoRoutineRemoveFromEventList
 .text.init_gpio
                0x00001138       0x78 ./gpio.o
                0x00001138                init_gpio
 .text.pvPortMalloc
                0x000011b0      0x14c ./heap_2.o
                0x000011b0                pvPortMalloc
 .text.vPortFree
                0x000012fc       0x74 ./heap_2.o
                0x000012fc                vPortFree
 .text.xPortGetFreeHeapSize
                0x00001370       0x18 ./heap_2.o
                0x00001370                xPortGetFreeHeapSize
 .text.vPortInitialiseBlocks
                0x00001388        0xe ./heap_2.o
                0x00001388                vPortInitialiseBlocks
 *fill*         0x00001396        0x2 
 .text.redled_task
                0x00001398       0x98 ./leds.o
                0x00001398                redled_task
 .text.yellowled_task
                0x00001430       0x24 ./leds.o
                0x00001430                yellowled_task
 .text.greenled_task
                0x00001454       0x24 ./leds.o
                0x00001454                greenled_task
 .text.vListInitialise
                0x00001478       0x40 ./list.o
                0x00001478                vListInitialise
 .text.vListInitialiseItem
                0x000014b8       0x1a ./list.o
                0x000014b8                vListInitialiseItem
 .text.vListInsertEnd
                0x000014d2       0x50 ./list.o
                0x000014d2                vListInsertEnd
 .text.vListInsert
                0x00001522       0x72 ./list.o
                0x00001522                vListInsert
 .text.vListRemove
                0x00001594       0x50 ./list.o
                0x00001594                vListRemove
 .text.putChar  0x000015e4       0x10 ./main.o
                0x000015e4                putChar
 .text.setupHardware
                0x000015f4       0x14 ./main.o
 .text.main     0x00001608       0x84 ./main.o
                0x00001608                main
 .text.pxPortInitialiseStack
                0x0000168c       0x52 ./port.o
                0x0000168c                pxPortInitialiseStack
 *fill*         0x000016de        0x2 
 .text.vPortSVCHandler
                0x000016e0       0x24 ./port.o
                0x000016e0                vPortSVCHandler
 .text.vPortStartFirstTask
                0x00001704       0x14 ./port.o
                0x00001704                vPortStartFirstTask
 .text.xPortStartScheduler
                0x00001718       0x38 ./port.o
                0x00001718                xPortStartScheduler
 .text.vPortEndScheduler
                0x00001750        0xe ./port.o
                0x00001750                vPortEndScheduler
 *fill*         0x0000175e        0x2 
 .text.vPortYieldFromISR
                0x00001760       0x1c ./port.o
                0x00001760                vPortYieldFromISR
 .text.vPortEnterCritical
                0x0000177c       0x24 ./port.o
                0x0000177c                vPortEnterCritical
 .text.vPortExitCritical
                0x000017a0       0x2c ./port.o
                0x000017a0                vPortExitCritical
 .text.xPortPendSVHandler
                0x000017cc       0x40 ./port.o
                0x000017cc                xPortPendSVHandler
 .text.xPortSysTickHandler
                0x0000180c       0x34 ./port.o
                0x0000180c                xPortSysTickHandler
 .text.prvSetupTimerInterrupt
                0x00001840       0x28 ./port.o
 .text.xQueueCreate
                0x00001868       0xb6 ./queue.o
                0x00001868                xQueueCreate
 .text.xQueueCreateMutex
                0x0000191e       0x78 ./queue.o
                0x0000191e                xQueueCreateMutex
 .text.xQueueGiveMutexRecursive
                0x00001996       0x48 ./queue.o
                0x00001996                xQueueGiveMutexRecursive
 .text.xQueueTakeMutexRecursive
                0x000019de       0x50 ./queue.o
                0x000019de                xQueueTakeMutexRecursive
 .text.xQueueGenericSend
                0x00001a2e      0x106 ./queue.o
                0x00001a2e                xQueueGenericSend
 .text.xQueueGenericSendFromISR
                0x00001b34       0x80 ./queue.o
                0x00001b34                xQueueGenericSendFromISR
 .text.xQueueGenericReceive
                0x00001bb4      0x168 ./queue.o
                0x00001bb4                xQueueGenericReceive
 .text.xQueueReceiveFromISR
                0x00001d1c       0x82 ./queue.o
                0x00001d1c                xQueueReceiveFromISR
 .text.uxQueueMessagesWaiting
                0x00001d9e       0x20 ./queue.o
                0x00001d9e                uxQueueMessagesWaiting
 .text.uxQueueMessagesWaitingFromISR
                0x00001dbe       0x1c ./queue.o
                0x00001dbe                uxQueueMessagesWaitingFromISR
 .text.vQueueDelete
                0x00001dda       0x20 ./queue.o
                0x00001dda                vQueueDelete
 .text.prvCopyDataToQueue
                0x00001dfa       0xb6 ./queue.o
 .text.prvCopyDataFromQueue
                0x00001eb0       0x4c ./queue.o
 .text.prvUnlockQueue
                0x00001efc       0x98 ./queue.o
 .text.prvIsQueueEmpty
                0x00001f94       0x2a ./queue.o
 .text.xQueueIsQueueEmptyFromISR
                0x00001fbe       0x26 ./queue.o
                0x00001fbe                xQueueIsQueueEmptyFromISR
 .text.prvIsQueueFull
                0x00001fe4       0x2e ./queue.o
 .text.xQueueIsQueueFullFromISR
                0x00002012       0x2a ./queue.o
                0x00002012                xQueueIsQueueFullFromISR
 .text.ResetISR
                0x0000203c       0x6c ./startup_frt.o
                0x0000203c                ResetISR
 .text.NmiSR    0x000020a8        0x6 ./startup_frt.o
 .text.FaultISR
                0x000020ae        0x6 ./startup_frt.o
 .text.IntDefaultHandler
                0x000020b4        0x6 ./startup_frt.o
 .text.enable_global_int
                0x000020ba       0x10 ./systick_frt.o
                0x000020ba                enable_global_int
 .text.disable_global_int
                0x000020ca       0x10 ./systick_frt.o
                0x000020ca                disable_global_int
 *fill*         0x000020da        0x2 
 .text.init_systick
                0x000020dc       0x88 ./systick_frt.o
                0x000020dc                init_systick
 .text.xTaskGenericCreate
                0x00002164      0x148 ./tasks.o
                0x00002164                xTaskGenericCreate
 .text.vTaskDelete
                0x000022ac       0x98 ./tasks.o
                0x000022ac                vTaskDelete
 .text.vTaskDelayUntil
                0x00002344       0xd4 ./tasks.o
                0x00002344                vTaskDelayUntil
 .text.vTaskDelay
                0x00002418       0x8c ./tasks.o
                0x00002418                vTaskDelay
 .text.uxTaskPriorityGet
                0x000024a4       0x34 ./tasks.o
                0x000024a4                uxTaskPriorityGet
 .text.vTaskPrioritySet
                0x000024d8       0xfc ./tasks.o
                0x000024d8                vTaskPrioritySet
 .text.vTaskSuspend
                0x000025d4       0x70 ./tasks.o
                0x000025d4                vTaskSuspend
 .text.xTaskIsTaskSuspended
                0x00002644       0x48 ./tasks.o
                0x00002644                xTaskIsTaskSuspended
 .text.vTaskResume
                0x0000268c       0x90 ./tasks.o
                0x0000268c                vTaskResume
 .text.xTaskResumeFromISR
                0x0000271c       0xa0 ./tasks.o
                0x0000271c                xTaskResumeFromISR
 .text.vTaskStartScheduler
                0x000027bc       0x5c ./tasks.o
                0x000027bc                vTaskStartScheduler
 .text.vTaskEndScheduler
                0x00002818       0x20 ./tasks.o
                0x00002818                vTaskEndScheduler
 .text.vTaskSuspendAll
                0x00002838       0x1c ./tasks.o
                0x00002838                vTaskSuspendAll
 .text.xTaskResumeAll
                0x00002854      0x100 ./tasks.o
                0x00002854                xTaskResumeAll
 .text.xTaskGetTickCount
                0x00002954       0x24 ./tasks.o
                0x00002954                xTaskGetTickCount
 .text.uxTaskGetNumberOfTasks
                0x00002978       0x18 ./tasks.o
                0x00002978                uxTaskGetNumberOfTasks
 .text.vTaskIncrementTick
                0x00002990       0xe0 ./tasks.o
                0x00002990                vTaskIncrementTick
 .text.vTaskSwitchContext
                0x00002a70       0x90 ./tasks.o
                0x00002a70                vTaskSwitchContext
 .text.vTaskPlaceOnEventList
                0x00002b00       0x9c ./tasks.o
                0x00002b00                vTaskPlaceOnEventList
 .text.xTaskRemoveFromEventList
                0x00002b9c       0xac ./tasks.o
                0x00002b9c                xTaskRemoveFromEventList
 .text.vTaskSetTimeOutState
                0x00002c48       0x2c ./tasks.o
                0x00002c48                vTaskSetTimeOutState
 .text.xTaskCheckForTimeOut
                0x00002c74       0x88 ./tasks.o
                0x00002c74                xTaskCheckForTimeOut
 .text.vTaskMissedYield
                0x00002cfc       0x18 ./tasks.o
                0x00002cfc                vTaskMissedYield
 .text.prvIdleTask
                0x00002d14       0x20 ./tasks.o
 .text.prvInitialiseTCBVariables
                0x00002d34       0x6c ./tasks.o
 .text.prvInitialiseTaskLists
                0x00002da0       0x80 ./tasks.o
 .text.prvCheckTasksWaitingTermination
                0x00002e20       0x84 ./tasks.o
 .text.prvAllocateTCBAndStack
                0x00002ea4       0x62 ./tasks.o
 .text.prvDeleteTCB
                0x00002f06       0x20 ./tasks.o
 *fill*         0x00002f26        0x2 
 .text.xTaskGetCurrentTaskHandle
                0x00002f28       0x20 ./tasks.o
                0x00002f28                xTaskGetCurrentTaskHandle
 .text.vTaskPriorityInherit
                0x00002f48       0xa4 ./tasks.o
                0x00002f48                vTaskPriorityInherit
 .text.vTaskPriorityDisinherit
                0x00002fec       0x7c ./tasks.o
                0x00002fec                vTaskPriorityDisinherit
 .text.exit     0x00003068       0x20 c:/ti/ccsv8/tools/compiler/gcc-arm-none-eabi-7-2017-q4-major-win32/bin/../lib/gcc/arm-none-eabi/7.2.1/../../../../arm-none-eabi/lib/thumb/v7e-m/fpv4-sp/hard\libg.a(lib_a-exit.o)
                0x00003068                exit
 .text.__libc_init_array
                0x00003088       0x48 c:/ti/ccsv8/tools/compiler/gcc-arm-none-eabi-7-2017-q4-major-win32/bin/../lib/gcc/arm-none-eabi/7.2.1/../../../../arm-none-eabi/lib/thumb/v7e-m/fpv4-sp/hard\libg.a(lib_a-init.o)
                0x00003088                __libc_init_array
 .text.memset   0x000030d0       0x94 c:/ti/ccsv8/tools/compiler/gcc-arm-none-eabi-7-2017-q4-major-win32/bin/../lib/gcc/arm-none-eabi/7.2.1/../../../../arm-none-eabi/lib/thumb/v7e-m/fpv4-sp/hard\libg.a(lib_a-memset.o)
                0x000030d0                memset
 .text.strncpy  0x00003164       0x64 c:/ti/ccsv8/tools/compiler/gcc-arm-none-eabi-7-2017-q4-major-win32/bin/../lib/gcc/arm-none-eabi/7.2.1/../../../../arm-none-eabi/lib/thumb/v7e-m/fpv4-sp/hard\libg.a(lib_a-strncpy.o)
                0x00003164                strncpy
 .text.startup.register_fini
                0x000031c8       0x14 c:/ti/ccsv8/tools/compiler/gcc-arm-none-eabi-7-2017-q4-major-win32/bin/../lib/gcc/arm-none-eabi/7.2.1/../../../../arm-none-eabi/lib/thumb/v7e-m/fpv4-sp/hard\libg.a(lib_a-__call_atexit.o)
 .text.__call_exitprocs
                0x000031dc       0xe8 c:/ti/ccsv8/tools/compiler/gcc-arm-none-eabi-7-2017-q4-major-win32/bin/../lib/gcc/arm-none-eabi/7.2.1/../../../../arm-none-eabi/lib/thumb/v7e-m/fpv4-sp/hard\libg.a(lib_a-__call_atexit.o)
                0x000031dc                __call_exitprocs
 .text.atexit   0x000032c4        0xc c:/ti/ccsv8/tools/compiler/gcc-arm-none-eabi-7-2017-q4-major-win32/bin/../lib/gcc/arm-none-eabi/7.2.1/../../../../arm-none-eabi/lib/thumb/v7e-m/fpv4-sp/hard\libg.a(lib_a-atexit.o)
                0x000032c4                atexit
 .text.__libc_fini_array
                0x000032d0       0x34 c:/ti/ccsv8/tools/compiler/gcc-arm-none-eabi-7-2017-q4-major-win32/bin/../lib/gcc/arm-none-eabi/7.2.1/../../../../arm-none-eabi/lib/thumb/v7e-m/fpv4-sp/hard\libg.a(lib_a-fini.o)
                0x000032d0                __libc_fini_array
 .text.__retarget_lock_init
                0x00003304        0x4 c:/ti/ccsv8/tools/compiler/gcc-arm-none-eabi-7-2017-q4-major-win32/bin/../lib/gcc/arm-none-eabi/7.2.1/../../../../arm-none-eabi/lib/thumb/v7e-m/fpv4-sp/hard\libg.a(lib_a-lock.o)
                0x00003304                __retarget_lock_init
 .text.__retarget_lock_init_recursive
                0x00003308        0x4 c:/ti/ccsv8/tools/compiler/gcc-arm-none-eabi-7-2017-q4-major-win32/bin/../lib/gcc/arm-none-eabi/7.2.1/../../../../arm-none-eabi/lib/thumb/v7e-m/fpv4-sp/hard\libg.a(lib_a-lock.o)
                0x00003308                __retarget_lock_init_recursive
 .text.__retarget_lock_close
                0x0000330c        0x4 c:/ti/ccsv8/tools/compiler/gcc-arm-none-eabi-7-2017-q4-major-win32/bin/../lib/gcc/arm-none-eabi/7.2.1/../../../../arm-none-eabi/lib/thumb/v7e-m/fpv4-sp/hard\libg.a(lib_a-lock.o)
                0x0000330c                __retarget_lock_close
 .text.__retarget_lock_close_recursive
                0x00003310        0x4 c:/ti/ccsv8/tools/compiler/gcc-arm-none-eabi-7-2017-q4-major-win32/bin/../lib/gcc/arm-none-eabi/7.2.1/../../../../arm-none-eabi/lib/thumb/v7e-m/fpv4-sp/hard\libg.a(lib_a-lock.o)
                0x00003310                __retarget_lock_close_recursive
 .text.__retarget_lock_acquire
                0x00003314        0x4 c:/ti/ccsv8/tools/compiler/gcc-arm-none-eabi-7-2017-q4-major-win32/bin/../lib/gcc/arm-none-eabi/7.2.1/../../../../arm-none-eabi/lib/thumb/v7e-m/fpv4-sp/hard\libg.a(lib_a-lock.o)
                0x00003314                __retarget_lock_acquire
 .text.__retarget_lock_acquire_recursive
                0x00003318        0x4 c:/ti/ccsv8/tools/compiler/gcc-arm-none-eabi-7-2017-q4-major-win32/bin/../lib/gcc/arm-none-eabi/7.2.1/../../../../arm-none-eabi/lib/thumb/v7e-m/fpv4-sp/hard\libg.a(lib_a-lock.o)
                0x00003318                __retarget_lock_acquire_recursive
 .text.__retarget_lock_try_acquire
                0x0000331c        0x4 c:/ti/ccsv8/tools/compiler/gcc-arm-none-eabi-7-2017-q4-major-win32/bin/../lib/gcc/arm-none-eabi/7.2.1/../../../../arm-none-eabi/lib/thumb/v7e-m/fpv4-sp/hard\libg.a(lib_a-lock.o)
                0x0000331c                __retarget_lock_try_acquire
 .text.__retarget_lock_try_acquire_recursive
                0x00003320        0x4 c:/ti/ccsv8/tools/compiler/gcc-arm-none-eabi-7-2017-q4-major-win32/bin/../lib/gcc/arm-none-eabi/7.2.1/../../../../arm-none-eabi/lib/thumb/v7e-m/fpv4-sp/hard\libg.a(lib_a-lock.o)
                0x00003320                __retarget_lock_try_acquire_recursive
 .text.__retarget_lock_release
                0x00003324        0x4 c:/ti/ccsv8/tools/compiler/gcc-arm-none-eabi-7-2017-q4-major-win32/bin/../lib/gcc/arm-none-eabi/7.2.1/../../../../arm-none-eabi/lib/thumb/v7e-m/fpv4-sp/hard\libg.a(lib_a-lock.o)
                0x00003324                __retarget_lock_release
 .text.__retarget_lock_release_recursive
                0x00003328        0x4 c:/ti/ccsv8/tools/compiler/gcc-arm-none-eabi-7-2017-q4-major-win32/bin/../lib/gcc/arm-none-eabi/7.2.1/../../../../arm-none-eabi/lib/thumb/v7e-m/fpv4-sp/hard\libg.a(lib_a-lock.o)
                0x00003328                __retarget_lock_release_recursive
 .text.__register_exitproc
                0x0000332c       0xc0 c:/ti/ccsv8/tools/compiler/gcc-arm-none-eabi-7-2017-q4-major-win32/bin/../lib/gcc/arm-none-eabi/7.2.1/../../../../arm-none-eabi/lib/thumb/v7e-m/fpv4-sp/hard\libg.a(lib_a-__atexit.o)
                0x0000332c                __register_exitproc
 .text._exit    0x000033ec        0x4 c:/ti/ccsv8/tools/compiler/gcc-arm-none-eabi-7-2017-q4-major-win32/bin/../lib/gcc/arm-none-eabi/7.2.1/../../../../arm-none-eabi/lib/thumb/v7e-m/fpv4-sp/hard\libnosys.a(_exit.o)
                0x000033ec                _exit
                0x000033f0                . = ALIGN (0x4)
 *(.ctors)
                0x000033f0                . = ALIGN (0x4)
 *(.dtors)
                0x000033f0                . = ALIGN (0x4)
                0x000033f0                __init_array_start = .
 *(.init_array*)
 .init_array    0x000033f0        0x4 c:/ti/ccsv8/tools/compiler/gcc-arm-none-eabi-7-2017-q4-major-win32/bin/../lib/gcc/arm-none-eabi/7.2.1/thumb/v7e-m/fpv4-sp/hard/crtbegin.o
 .init_array.00000
                0x000033f4        0x4 c:/ti/ccsv8/tools/compiler/gcc-arm-none-eabi-7-2017-q4-major-win32/bin/../lib/gcc/arm-none-eabi/7.2.1/../../../../arm-none-eabi/lib/thumb/v7e-m/fpv4-sp/hard\libg.a(lib_a-__call_atexit.o)
                0x000033f8                __init_array_end = .
 *(.init)
 .init          0x000033f8        0x4 c:/ti/ccsv8/tools/compiler/gcc-arm-none-eabi-7-2017-q4-major-win32/bin/../lib/gcc/arm-none-eabi/7.2.1/thumb/v7e-m/fpv4-sp/hard/crti.o
                0x000033f8                _init
 .init          0x000033fc        0x8 c:/ti/ccsv8/tools/compiler/gcc-arm-none-eabi-7-2017-q4-major-win32/bin/../lib/gcc/arm-none-eabi/7.2.1/thumb/v7e-m/fpv4-sp/hard/crtn.o
 *(.fini*)
 .fini          0x00003404        0x4 c:/ti/ccsv8/tools/compiler/gcc-arm-none-eabi-7-2017-q4-major-win32/bin/../lib/gcc/arm-none-eabi/7.2.1/thumb/v7e-m/fpv4-sp/hard/crti.o
                0x00003404                _fini
 .fini_array    0x00003408        0x4 c:/ti/ccsv8/tools/compiler/gcc-arm-none-eabi-7-2017-q4-major-win32/bin/../lib/gcc/arm-none-eabi/7.2.1/thumb/v7e-m/fpv4-sp/hard/crtbegin.o
 .fini          0x0000340c        0x8 c:/ti/ccsv8/tools/compiler/gcc-arm-none-eabi-7-2017-q4-major-win32/bin/../lib/gcc/arm-none-eabi/7.2.1/thumb/v7e-m/fpv4-sp/hard/crtn.o
                [!provide]                PROVIDE (__etext, .)
                [!provide]                PROVIDE (_etext, .)
                [!provide]                PROVIDE (etext, .)

.glue_7         0x00003414        0x0
 .glue_7        0x00003414        0x0 linker stubs

.glue_7t        0x00003414        0x0
 .glue_7t       0x00003414        0x0 linker stubs

.vfp11_veneer   0x00003414        0x0
 .vfp11_veneer  0x00003414        0x0 linker stubs

.v4_bx          0x00003414        0x0
 .v4_bx         0x00003414        0x0 linker stubs

.iplt           0x00003414        0x0
 .iplt          0x00003414        0x0 c:/ti/ccsv8/tools/compiler/gcc-arm-none-eabi-7-2017-q4-major-win32/bin/../lib/gcc/arm-none-eabi/7.2.1/thumb/v7e-m/fpv4-sp/hard/crtbegin.o

.rodata         0x00003414       0x24
 *(.rodata)
 .rodata        0x00003414       0x12 ./main.o
 *fill*         0x00003426        0x2 
 .rodata        0x00003428        0x5 ./tasks.o
 *(.rodata*)
 *fill*         0x0000342d        0x1 
 .rodata.heapSTRUCT_SIZE
                0x0000342e        0x2 ./heap_2.o
 .rodata.ulKernelPriority
                0x00003430        0x4 ./port.o
                0x00003430                ulKernelPriority
 .rodata._global_impure_ptr
                0x00003434        0x4 c:/ti/ccsv8/tools/compiler/gcc-arm-none-eabi-7-2017-q4-major-win32/bin/../lib/gcc/arm-none-eabi/7.2.1/../../../../arm-none-eabi/lib/thumb/v7e-m/fpv4-sp/hard\libg.a(lib_a-impure.o)
                0x00003434                _global_impure_ptr

.eh_frame       0x00003438        0x4
 .eh_frame      0x00003438        0x0 c:/ti/ccsv8/tools/compiler/gcc-arm-none-eabi-7-2017-q4-major-win32/bin/../lib/gcc/arm-none-eabi/7.2.1/thumb/v7e-m/fpv4-sp/hard/crtbegin.o
 .eh_frame      0x00003438        0x4 c:/ti/ccsv8/tools/compiler/gcc-arm-none-eabi-7-2017-q4-major-win32/bin/../lib/gcc/arm-none-eabi/7.2.1/thumb/v7e-m/fpv4-sp/hard/crtend.o

.data           0x20000000      0x43c load address 0x0000343c
                0x0000343c                __data_load__ = LOADADDR (.data)
                0x20000000                __data_start__ = .
 *(.data)
 .data          0x20000000        0x0 c:/ti/ccsv8/tools/compiler/gcc-arm-none-eabi-7-2017-q4-major-win32/bin/../lib/gcc/arm-none-eabi/7.2.1/thumb/v7e-m/fpv4-sp/hard/crti.o
 .data          0x20000000        0x4 c:/ti/ccsv8/tools/compiler/gcc-arm-none-eabi-7-2017-q4-major-win32/bin/../lib/gcc/arm-none-eabi/7.2.1/thumb/v7e-m/fpv4-sp/hard/crtbegin.o
                0x20000000                __dso_handle
 .data          0x20000004        0x0 c:/ti/ccsv8/tools/compiler/gcc-arm-none-eabi-7-2017-q4-major-win32/bin/../lib/gcc/arm-none-eabi/7.2.1/../../../../arm-none-eabi/lib/thumb/v7e-m/fpv4-sp/hard/crt0.o
 .data          0x20000004        0x0 ./adc.o
 .data          0x20000004        0x0 ./common.o
 .data          0x20000004        0x0 ./croutine.o
 .data          0x20000004        0x0 ./gpio.o
 .data          0x20000004        0x0 ./heap_2.o
 .data          0x20000004        0x0 ./leds.o
 .data          0x20000004        0x0 ./list.o
 .data          0x20000004        0x0 ./main.o
 .data          0x20000004        0x0 ./port.o
 .data          0x20000004        0x0 ./queue.o
 .data          0x20000004        0x0 ./startup_frt.o
 .data          0x20000004        0x0 ./systick_frt.o
 .data          0x20000004        0x0 ./tasks.o
 .data          0x20000004        0x0 c:/ti/ccsv8/tools/compiler/gcc-arm-none-eabi-7-2017-q4-major-win32/bin/../lib/gcc/arm-none-eabi/7.2.1/thumb/v7e-m/fpv4-sp/hard\libgcc.a(_arm_addsubdf3.o)
 .data          0x20000004        0x0 c:/ti/ccsv8/tools/compiler/gcc-arm-none-eabi-7-2017-q4-major-win32/bin/../lib/gcc/arm-none-eabi/7.2.1/thumb/v7e-m/fpv4-sp/hard\libgcc.a(_arm_muldivdf3.o)
 .data          0x20000004        0x0 c:/ti/ccsv8/tools/compiler/gcc-arm-none-eabi-7-2017-q4-major-win32/bin/../lib/gcc/arm-none-eabi/7.2.1/thumb/v7e-m/fpv4-sp/hard\libgcc.a(_arm_fixunsdfsi.o)
 .data          0x20000004        0x0 c:/ti/ccsv8/tools/compiler/gcc-arm-none-eabi-7-2017-q4-major-win32/bin/../lib/gcc/arm-none-eabi/7.2.1/../../../../arm-none-eabi/lib/thumb/v7e-m/fpv4-sp/hard\libg.a(lib_a-exit.o)
 .data          0x20000004        0x0 c:/ti/ccsv8/tools/compiler/gcc-arm-none-eabi-7-2017-q4-major-win32/bin/../lib/gcc/arm-none-eabi/7.2.1/../../../../arm-none-eabi/lib/thumb/v7e-m/fpv4-sp/hard\libg.a(lib_a-impure.o)
 .data          0x20000004        0x0 c:/ti/ccsv8/tools/compiler/gcc-arm-none-eabi-7-2017-q4-major-win32/bin/../lib/gcc/arm-none-eabi/7.2.1/../../../../arm-none-eabi/lib/thumb/v7e-m/fpv4-sp/hard\libg.a(lib_a-init.o)
 .data          0x20000004        0x0 c:/ti/ccsv8/tools/compiler/gcc-arm-none-eabi-7-2017-q4-major-win32/bin/../lib/gcc/arm-none-eabi/7.2.1/../../../../arm-none-eabi/lib/thumb/v7e-m/fpv4-sp/hard\libg.a(lib_a-memcpy.o)
 .data          0x20000004        0x0 c:/ti/ccsv8/tools/compiler/gcc-arm-none-eabi-7-2017-q4-major-win32/bin/../lib/gcc/arm-none-eabi/7.2.1/../../../../arm-none-eabi/lib/thumb/v7e-m/fpv4-sp/hard\libg.a(lib_a-memset.o)
 .data          0x20000004        0x0 c:/ti/ccsv8/tools/compiler/gcc-arm-none-eabi-7-2017-q4-major-win32/bin/../lib/gcc/arm-none-eabi/7.2.1/../../../../arm-none-eabi/lib/thumb/v7e-m/fpv4-sp/hard\libg.a(lib_a-strncpy.o)
 .data          0x20000004        0x0 c:/ti/ccsv8/tools/compiler/gcc-arm-none-eabi-7-2017-q4-major-win32/bin/../lib/gcc/arm-none-eabi/7.2.1/../../../../arm-none-eabi/lib/thumb/v7e-m/fpv4-sp/hard\libg.a(lib_a-__call_atexit.o)
 .data          0x20000004        0x0 c:/ti/ccsv8/tools/compiler/gcc-arm-none-eabi-7-2017-q4-major-win32/bin/../lib/gcc/arm-none-eabi/7.2.1/../../../../arm-none-eabi/lib/thumb/v7e-m/fpv4-sp/hard\libg.a(lib_a-atexit.o)
 .data          0x20000004        0x0 c:/ti/ccsv8/tools/compiler/gcc-arm-none-eabi-7-2017-q4-major-win32/bin/../lib/gcc/arm-none-eabi/7.2.1/../../../../arm-none-eabi/lib/thumb/v7e-m/fpv4-sp/hard\libg.a(lib_a-fini.o)
 .data          0x20000004        0x0 c:/ti/ccsv8/tools/compiler/gcc-arm-none-eabi-7-2017-q4-major-win32/bin/../lib/gcc/arm-none-eabi/7.2.1/../../../../arm-none-eabi/lib/thumb/v7e-m/fpv4-sp/hard\libg.a(lib_a-lock.o)
 .data          0x20000004        0x0 c:/ti/ccsv8/tools/compiler/gcc-arm-none-eabi-7-2017-q4-major-win32/bin/../lib/gcc/arm-none-eabi/7.2.1/../../../../arm-none-eabi/lib/thumb/v7e-m/fpv4-sp/hard\libg.a(lib_a-__atexit.o)
 .data          0x20000004        0x0 c:/ti/ccsv8/tools/compiler/gcc-arm-none-eabi-7-2017-q4-major-win32/bin/../lib/gcc/arm-none-eabi/7.2.1/../../../../arm-none-eabi/lib/thumb/v7e-m/fpv4-sp/hard\libnosys.a(_exit.o)
 .data          0x20000004        0x0 c:/ti/ccsv8/tools/compiler/gcc-arm-none-eabi-7-2017-q4-major-win32/bin/../lib/gcc/arm-none-eabi/7.2.1/thumb/v7e-m/fpv4-sp/hard/crtend.o
 .data          0x20000004        0x0 c:/ti/ccsv8/tools/compiler/gcc-arm-none-eabi-7-2017-q4-major-win32/bin/../lib/gcc/arm-none-eabi/7.2.1/thumb/v7e-m/fpv4-sp/hard/crtn.o
 *(.data*)
 .data.uxCriticalNesting
                0x20000004        0x4 ./port.o
 .data._impure_ptr
                0x20000008        0x4 c:/ti/ccsv8/tools/compiler/gcc-arm-none-eabi-7-2017-q4-major-win32/bin/../lib/gcc/arm-none-eabi/7.2.1/../../../../arm-none-eabi/lib/thumb/v7e-m/fpv4-sp/hard\libg.a(lib_a-impure.o)
                0x20000008                _impure_ptr
 *fill*         0x2000000c        0x4 
 .data.impure_data
                0x20000010      0x428 c:/ti/ccsv8/tools/compiler/gcc-arm-none-eabi-7-2017-q4-major-win32/bin/../lib/gcc/arm-none-eabi/7.2.1/../../../../arm-none-eabi/lib/thumb/v7e-m/fpv4-sp/hard\libg.a(lib_a-impure.o)
 .data.__atexit_recursive_mutex
                0x20000438        0x4 c:/ti/ccsv8/tools/compiler/gcc-arm-none-eabi-7-2017-q4-major-win32/bin/../lib/gcc/arm-none-eabi/7.2.1/../../../../arm-none-eabi/lib/thumb/v7e-m/fpv4-sp/hard\libg.a(lib_a-__call_atexit.o)
                0x20000438                __atexit_recursive_mutex
                0x2000043c                . = ALIGN (0x4)
                0x2000043c                __data_end__ = .

.igot.plt       0x2000043c        0x0 load address 0x00003878
 .igot.plt      0x2000043c        0x0 c:/ti/ccsv8/tools/compiler/gcc-arm-none-eabi-7-2017-q4-major-win32/bin/../lib/gcc/arm-none-eabi/7.2.1/thumb/v7e-m/fpv4-sp/hard/crtbegin.o

.ARM.exidx      0x00003878        0x8
                0x00003878                __exidx_start = .
 *(.ARM.exidx* .gnu.linkonce.armexidx.*)
 .ARM.exidx     0x00003878        0x8 c:/ti/ccsv8/tools/compiler/gcc-arm-none-eabi-7-2017-q4-major-win32/bin/../lib/gcc/arm-none-eabi/7.2.1/../../../../arm-none-eabi/lib/thumb/v7e-m/fpv4-sp/hard/crt0.o
                0x00003880                __exidx_end = .

.ARM.extab      0x00003880        0x0
 *(.ARM.extab* .gnu.linkonce.armextab.*)
 .ARM.extab     0x00003880        0x0 c:/ti/ccsv8/tools/compiler/gcc-arm-none-eabi-7-2017-q4-major-win32/bin/../lib/gcc/arm-none-eabi/7.2.1/../../../../arm-none-eabi/lib/thumb/v7e-m/fpv4-sp/hard/crt0.o

.rel.dyn        0x00003880        0x0
 .rel.iplt      0x00003880        0x0 c:/ti/ccsv8/tools/compiler/gcc-arm-none-eabi-7-2017-q4-major-win32/bin/../lib/gcc/arm-none-eabi/7.2.1/thumb/v7e-m/fpv4-sp/hard/crtbegin.o

.bss            0x20000440     0x1f98
                0x20000440                __bss_start__ = .
 *(.shbss)
 *(.bss)
 .bss           0x20000440        0x0 c:/ti/ccsv8/tools/compiler/gcc-arm-none-eabi-7-2017-q4-major-win32/bin/../lib/gcc/arm-none-eabi/7.2.1/thumb/v7e-m/fpv4-sp/hard/crti.o
 .bss           0x20000440       0x1c c:/ti/ccsv8/tools/compiler/gcc-arm-none-eabi-7-2017-q4-major-win32/bin/../lib/gcc/arm-none-eabi/7.2.1/thumb/v7e-m/fpv4-sp/hard/crtbegin.o
 .bss           0x2000045c        0x0 c:/ti/ccsv8/tools/compiler/gcc-arm-none-eabi-7-2017-q4-major-win32/bin/../lib/gcc/arm-none-eabi/7.2.1/../../../../arm-none-eabi/lib/thumb/v7e-m/fpv4-sp/hard/crt0.o
 .bss           0x2000045c        0x0 ./adc.o
 .bss           0x2000045c        0x0 ./common.o
 .bss           0x2000045c        0x0 ./croutine.o
 .bss           0x2000045c        0x0 ./gpio.o
 .bss           0x2000045c        0x0 ./heap_2.o
 .bss           0x2000045c        0x0 ./leds.o
 .bss           0x2000045c        0x0 ./list.o
 .bss           0x2000045c        0x0 ./main.o
 .bss           0x2000045c        0x0 ./port.o
 .bss           0x2000045c        0x0 ./queue.o
 .bss           0x2000045c        0x0 ./startup_frt.o
 .bss           0x2000045c        0x0 ./systick_frt.o
 .bss           0x2000045c        0x0 ./tasks.o
 .bss           0x2000045c        0x0 c:/ti/ccsv8/tools/compiler/gcc-arm-none-eabi-7-2017-q4-major-win32/bin/../lib/gcc/arm-none-eabi/7.2.1/thumb/v7e-m/fpv4-sp/hard\libgcc.a(_arm_addsubdf3.o)
 .bss           0x2000045c        0x0 c:/ti/ccsv8/tools/compiler/gcc-arm-none-eabi-7-2017-q4-major-win32/bin/../lib/gcc/arm-none-eabi/7.2.1/thumb/v7e-m/fpv4-sp/hard\libgcc.a(_arm_muldivdf3.o)
 .bss           0x2000045c        0x0 c:/ti/ccsv8/tools/compiler/gcc-arm-none-eabi-7-2017-q4-major-win32/bin/../lib/gcc/arm-none-eabi/7.2.1/thumb/v7e-m/fpv4-sp/hard\libgcc.a(_arm_fixunsdfsi.o)
 .bss           0x2000045c        0x0 c:/ti/ccsv8/tools/compiler/gcc-arm-none-eabi-7-2017-q4-major-win32/bin/../lib/gcc/arm-none-eabi/7.2.1/../../../../arm-none-eabi/lib/thumb/v7e-m/fpv4-sp/hard\libg.a(lib_a-exit.o)
 .bss           0x2000045c        0x0 c:/ti/ccsv8/tools/compiler/gcc-arm-none-eabi-7-2017-q4-major-win32/bin/../lib/gcc/arm-none-eabi/7.2.1/../../../../arm-none-eabi/lib/thumb/v7e-m/fpv4-sp/hard\libg.a(lib_a-impure.o)
 .bss           0x2000045c        0x0 c:/ti/ccsv8/tools/compiler/gcc-arm-none-eabi-7-2017-q4-major-win32/bin/../lib/gcc/arm-none-eabi/7.2.1/../../../../arm-none-eabi/lib/thumb/v7e-m/fpv4-sp/hard\libg.a(lib_a-init.o)
 .bss           0x2000045c        0x0 c:/ti/ccsv8/tools/compiler/gcc-arm-none-eabi-7-2017-q4-major-win32/bin/../lib/gcc/arm-none-eabi/7.2.1/../../../../arm-none-eabi/lib/thumb/v7e-m/fpv4-sp/hard\libg.a(lib_a-memcpy.o)
 .bss           0x2000045c        0x0 c:/ti/ccsv8/tools/compiler/gcc-arm-none-eabi-7-2017-q4-major-win32/bin/../lib/gcc/arm-none-eabi/7.2.1/../../../../arm-none-eabi/lib/thumb/v7e-m/fpv4-sp/hard\libg.a(lib_a-memset.o)
 .bss           0x2000045c        0x0 c:/ti/ccsv8/tools/compiler/gcc-arm-none-eabi-7-2017-q4-major-win32/bin/../lib/gcc/arm-none-eabi/7.2.1/../../../../arm-none-eabi/lib/thumb/v7e-m/fpv4-sp/hard\libg.a(lib_a-strncpy.o)
 .bss           0x2000045c        0x0 c:/ti/ccsv8/tools/compiler/gcc-arm-none-eabi-7-2017-q4-major-win32/bin/../lib/gcc/arm-none-eabi/7.2.1/../../../../arm-none-eabi/lib/thumb/v7e-m/fpv4-sp/hard\libg.a(lib_a-__call_atexit.o)
 .bss           0x2000045c        0x0 c:/ti/ccsv8/tools/compiler/gcc-arm-none-eabi-7-2017-q4-major-win32/bin/../lib/gcc/arm-none-eabi/7.2.1/../../../../arm-none-eabi/lib/thumb/v7e-m/fpv4-sp/hard\libg.a(lib_a-atexit.o)
 .bss           0x2000045c        0x0 c:/ti/ccsv8/tools/compiler/gcc-arm-none-eabi-7-2017-q4-major-win32/bin/../lib/gcc/arm-none-eabi/7.2.1/../../../../arm-none-eabi/lib/thumb/v7e-m/fpv4-sp/hard\libg.a(lib_a-fini.o)
 .bss           0x2000045c        0x0 c:/ti/ccsv8/tools/compiler/gcc-arm-none-eabi-7-2017-q4-major-win32/bin/../lib/gcc/arm-none-eabi/7.2.1/../../../../arm-none-eabi/lib/thumb/v7e-m/fpv4-sp/hard\libg.a(lib_a-lock.o)
 .bss           0x2000045c        0x0 c:/ti/ccsv8/tools/compiler/gcc-arm-none-eabi-7-2017-q4-major-win32/bin/../lib/gcc/arm-none-eabi/7.2.1/../../../../arm-none-eabi/lib/thumb/v7e-m/fpv4-sp/hard\libg.a(lib_a-__atexit.o)
 .bss           0x2000045c        0x0 c:/ti/ccsv8/tools/compiler/gcc-arm-none-eabi-7-2017-q4-major-win32/bin/../lib/gcc/arm-none-eabi/7.2.1/../../../../arm-none-eabi/lib/thumb/v7e-m/fpv4-sp/hard\libnosys.a(_exit.o)
 .bss           0x2000045c        0x0 c:/ti/ccsv8/tools/compiler/gcc-arm-none-eabi-7-2017-q4-major-win32/bin/../lib/gcc/arm-none-eabi/7.2.1/thumb/v7e-m/fpv4-sp/hard/crtend.o
 .bss           0x2000045c        0x0 c:/ti/ccsv8/tools/compiler/gcc-arm-none-eabi-7-2017-q4-major-win32/bin/../lib/gcc/arm-none-eabi/7.2.1/thumb/v7e-m/fpv4-sp/hard/crtn.o
 *(.bss.*)
 .bss.pxReadyCoRoutineLists
                0x2000045c       0x28 ./croutine.o
 .bss.xDelayedCoRoutineList1
                0x20000484       0x14 ./croutine.o
 .bss.xDelayedCoRoutineList2
                0x20000498       0x14 ./croutine.o
 .bss.pxDelayedCoRoutineList
                0x200004ac        0x4 ./croutine.o
 .bss.pxOverflowDelayedCoRoutineList
                0x200004b0        0x4 ./croutine.o
 .bss.xPendingReadyCoRoutineList
                0x200004b4       0x14 ./croutine.o
 .bss.pxCurrentCoRoutine
                0x200004c8        0x4 ./croutine.o
                0x200004c8                pxCurrentCoRoutine
 .bss.uxTopCoRoutineReadyPriority
                0x200004cc        0x4 ./croutine.o
 .bss.xCoRoutineTickCount
                0x200004d0        0x4 ./croutine.o
 .bss.xLastTickCount
                0x200004d4        0x4 ./croutine.o
 .bss.xPassedTicks
                0x200004d8        0x4 ./croutine.o
 *fill*         0x200004dc        0x4 
 .bss.xHeap     0x200004e0     0x1b58 ./heap_2.o
 .bss.xStart    0x20002038        0x8 ./heap_2.o
 .bss.xEnd      0x20002040        0x8 ./heap_2.o
 .bss.xFreeBytesRemaining
                0x20002048        0x4 ./heap_2.o
 .bss.xHeapHasBeenInitialised.6194
                0x2000204c        0x4 ./heap_2.o
 .bss.pui32Stack
                0x20002050      0x200 ./startup_frt.o
 .bss.pxCurrentTCB
                0x20002250        0x4 ./tasks.o
                0x20002250                pxCurrentTCB
 .bss.pxReadyTasksLists
                0x20002254       0xc8 ./tasks.o
 .bss.xDelayedTaskList1
                0x2000231c       0x14 ./tasks.o
 .bss.xDelayedTaskList2
                0x20002330       0x14 ./tasks.o
 .bss.pxDelayedTaskList
                0x20002344        0x4 ./tasks.o
 .bss.pxOverflowDelayedTaskList
                0x20002348        0x4 ./tasks.o
 .bss.xPendingReadyList
                0x2000234c       0x14 ./tasks.o
 .bss.xTasksWaitingTermination
                0x20002360       0x14 ./tasks.o
 .bss.uxTasksDeleted
                0x20002374        0x4 ./tasks.o
 .bss.xSuspendedTaskList
                0x20002378       0x14 ./tasks.o
 .bss.uxCurrentNumberOfTasks
                0x2000238c        0x4 ./tasks.o
 .bss.xTickCount
                0x20002390        0x4 ./tasks.o
 .bss.uxTopUsedPriority
                0x20002394        0x4 ./tasks.o
 .bss.uxTopReadyPriority
                0x20002398        0x4 ./tasks.o
 .bss.xSchedulerRunning
                0x2000239c        0x4 ./tasks.o
 .bss.uxSchedulerSuspended
                0x200023a0        0x4 ./tasks.o
 .bss.uxMissedTicks
                0x200023a4        0x4 ./tasks.o
 .bss.xMissedYield
                0x200023a8        0x4 ./tasks.o
 .bss.xNumOfOverflows
                0x200023ac        0x4 ./tasks.o
 .bss.uxTaskNumber
                0x200023b0        0x4 ./tasks.o
 *(COMMON)
 COMMON         0x200023b4       0x21 c:/ti/ccsv8/tools/compiler/gcc-arm-none-eabi-7-2017-q4-major-win32/bin/../lib/gcc/arm-none-eabi/7.2.1/../../../../arm-none-eabi/lib/thumb/v7e-m/fpv4-sp/hard\libg.a(lib_a-lock.o)
                0x200023b4                __lock___atexit_recursive_mutex
                0x200023b8                __lock___arc4random_mutex
                0x200023bc                __lock___env_recursive_mutex
                0x200023c0                __lock___sinit_recursive_mutex
                0x200023c4                __lock___malloc_recursive_mutex
                0x200023c8                __lock___at_quick_exit_mutex
                0x200023cc                __lock___dd_hash_mutex
                0x200023d0                __lock___tz_mutex
                0x200023d4                __lock___sfp_recursive_mutex
                0x200023d8                . = ALIGN (0x4)
 *fill*         0x200023d5        0x3 
                0x200023d8                __bss_end__ = .

.heap           0x200023d8        0x0
                0x200023d8                __heap_start__ = .
                0x200023d8                end = __heap_start__
                0x200023d8                _end = end
                0x200023d8                __end = end
 *(.heap)
                0x200023d8                __heap_end__ = .
                0x200023d8                __HeapLimit = __heap_end__

.stack          0x200023d8        0x0
                0x200023d8                _stack = .
                0x200023d8                __stack = .
 *(.stack)
START GROUP
LOAD c:/ti/ccsv8/tools/compiler/gcc-arm-none-eabi-7-2017-q4-major-win32/bin/../lib/gcc/arm-none-eabi/7.2.1/thumb/v7e-m/fpv4-sp/hard\libgcc.a
LOAD c:/ti/ccsv8/tools/compiler/gcc-arm-none-eabi-7-2017-q4-major-win32/bin/../lib/gcc/arm-none-eabi/7.2.1/../../../../arm-none-eabi/lib/thumb/v7e-m/fpv4-sp/hard\libg.a
LOAD c:/ti/ccsv8/tools/compiler/gcc-arm-none-eabi-7-2017-q4-major-win32/bin/../lib/gcc/arm-none-eabi/7.2.1/../../../../arm-none-eabi/lib/thumb/v7e-m/fpv4-sp/hard\libc.a
END GROUP
START GROUP
LOAD c:/ti/ccsv8/tools/compiler/gcc-arm-none-eabi-7-2017-q4-major-win32/bin/../lib/gcc/arm-none-eabi/7.2.1/thumb/v7e-m/fpv4-sp/hard\libgcc.a
LOAD c:/ti/ccsv8/tools/compiler/gcc-arm-none-eabi-7-2017-q4-major-win32/bin/../lib/gcc/arm-none-eabi/7.2.1/../../../../arm-none-eabi/lib/thumb/v7e-m/fpv4-sp/hard\libc.a
LOAD c:/ti/ccsv8/tools/compiler/gcc-arm-none-eabi-7-2017-q4-major-win32/bin/../lib/gcc/arm-none-eabi/7.2.1/../../../../arm-none-eabi/lib/thumb/v7e-m/fpv4-sp/hard\libnosys.a
END GROUP
LOAD c:/ti/ccsv8/tools/compiler/gcc-arm-none-eabi-7-2017-q4-major-win32/bin/../lib/gcc/arm-none-eabi/7.2.1/thumb/v7e-m/fpv4-sp/hard/crtend.o
LOAD c:/ti/ccsv8/tools/compiler/gcc-arm-none-eabi-7-2017-q4-major-win32/bin/../lib/gcc/arm-none-eabi/7.2.1/thumb/v7e-m/fpv4-sp/hard/crtn.o
OUTPUT(Lab8.out elf32-littlearm)

.ARM.attributes
                0x00000000       0x30
 .ARM.attributes
                0x00000000       0x22 c:/ti/ccsv8/tools/compiler/gcc-arm-none-eabi-7-2017-q4-major-win32/bin/../lib/gcc/arm-none-eabi/7.2.1/thumb/v7e-m/fpv4-sp/hard/crti.o
 .ARM.attributes
                0x00000022       0x34 c:/ti/ccsv8/tools/compiler/gcc-arm-none-eabi-7-2017-q4-major-win32/bin/../lib/gcc/arm-none-eabi/7.2.1/thumb/v7e-m/fpv4-sp/hard/crtbegin.o
 .ARM.attributes
                0x00000056       0x20 c:/ti/ccsv8/tools/compiler/gcc-arm-none-eabi-7-2017-q4-major-win32/bin/../lib/gcc/arm-none-eabi/7.2.1/../../../../arm-none-eabi/lib/thumb/v7e-m/fpv4-sp/hard/crt0.o
 .ARM.attributes
                0x00000076       0x39 ./adc.o
 .ARM.attributes
                0x000000af       0x39 ./common.o
 .ARM.attributes
                0x000000e8       0x39 ./croutine.o
 .ARM.attributes
                0x00000121       0x39 ./gpio.o
 .ARM.attributes
                0x0000015a       0x39 ./heap_2.o
 .ARM.attributes
                0x00000193       0x39 ./leds.o
 .ARM.attributes
                0x000001cc       0x39 ./list.o
 .ARM.attributes
                0x00000205       0x39 ./main.o
 .ARM.attributes
                0x0000023e       0x39 ./port.o
 .ARM.attributes
                0x00000277       0x39 ./queue.o
 .ARM.attributes
                0x000002b0       0x39 ./startup_frt.o
 .ARM.attributes
                0x000002e9       0x39 ./systick_frt.o
 .ARM.attributes
                0x00000322       0x39 ./tasks.o
 .ARM.attributes
                0x0000035b       0x22 c:/ti/ccsv8/tools/compiler/gcc-arm-none-eabi-7-2017-q4-major-win32/bin/../lib/gcc/arm-none-eabi/7.2.1/thumb/v7e-m/fpv4-sp/hard\libgcc.a(_arm_addsubdf3.o)
 .ARM.attributes
                0x0000037d       0x22 c:/ti/ccsv8/tools/compiler/gcc-arm-none-eabi-7-2017-q4-major-win32/bin/../lib/gcc/arm-none-eabi/7.2.1/thumb/v7e-m/fpv4-sp/hard\libgcc.a(_arm_muldivdf3.o)
 .ARM.attributes
                0x0000039f       0x22 c:/ti/ccsv8/tools/compiler/gcc-arm-none-eabi-7-2017-q4-major-win32/bin/../lib/gcc/arm-none-eabi/7.2.1/thumb/v7e-m/fpv4-sp/hard\libgcc.a(_arm_fixunsdfsi.o)
 .ARM.attributes
                0x000003c1       0x34 c:/ti/ccsv8/tools/compiler/gcc-arm-none-eabi-7-2017-q4-major-win32/bin/../lib/gcc/arm-none-eabi/7.2.1/../../../../arm-none-eabi/lib/thumb/v7e-m/fpv4-sp/hard\libg.a(lib_a-exit.o)
 .ARM.attributes
                0x000003f5       0x34 c:/ti/ccsv8/tools/compiler/gcc-arm-none-eabi-7-2017-q4-major-win32/bin/../lib/gcc/arm-none-eabi/7.2.1/../../../../arm-none-eabi/lib/thumb/v7e-m/fpv4-sp/hard\libg.a(lib_a-impure.o)
 .ARM.attributes
                0x00000429       0x34 c:/ti/ccsv8/tools/compiler/gcc-arm-none-eabi-7-2017-q4-major-win32/bin/../lib/gcc/arm-none-eabi/7.2.1/../../../../arm-none-eabi/lib/thumb/v7e-m/fpv4-sp/hard\libg.a(lib_a-init.o)
 .ARM.attributes
                0x0000045d       0x20 c:/ti/ccsv8/tools/compiler/gcc-arm-none-eabi-7-2017-q4-major-win32/bin/../lib/gcc/arm-none-eabi/7.2.1/../../../../arm-none-eabi/lib/thumb/v7e-m/fpv4-sp/hard\libg.a(lib_a-memcpy.o)
 .ARM.attributes
                0x0000047d       0x34 c:/ti/ccsv8/tools/compiler/gcc-arm-none-eabi-7-2017-q4-major-win32/bin/../lib/gcc/arm-none-eabi/7.2.1/../../../../arm-none-eabi/lib/thumb/v7e-m/fpv4-sp/hard\libg.a(lib_a-memset.o)
 .ARM.attributes
                0x000004b1       0x34 c:/ti/ccsv8/tools/compiler/gcc-arm-none-eabi-7-2017-q4-major-win32/bin/../lib/gcc/arm-none-eabi/7.2.1/../../../../arm-none-eabi/lib/thumb/v7e-m/fpv4-sp/hard\libg.a(lib_a-strncpy.o)
 .ARM.attributes
                0x000004e5       0x34 c:/ti/ccsv8/tools/compiler/gcc-arm-none-eabi-7-2017-q4-major-win32/bin/../lib/gcc/arm-none-eabi/7.2.1/../../../../arm-none-eabi/lib/thumb/v7e-m/fpv4-sp/hard\libg.a(lib_a-__call_atexit.o)
 .ARM.attributes
                0x00000519       0x34 c:/ti/ccsv8/tools/compiler/gcc-arm-none-eabi-7-2017-q4-major-win32/bin/../lib/gcc/arm-none-eabi/7.2.1/../../../../arm-none-eabi/lib/thumb/v7e-m/fpv4-sp/hard\libg.a(lib_a-atexit.o)
 .ARM.attributes
                0x0000054d       0x34 c:/ti/ccsv8/tools/compiler/gcc-arm-none-eabi-7-2017-q4-major-win32/bin/../lib/gcc/arm-none-eabi/7.2.1/../../../../arm-none-eabi/lib/thumb/v7e-m/fpv4-sp/hard\libg.a(lib_a-fini.o)
 .ARM.attributes
                0x00000581       0x34 c:/ti/ccsv8/tools/compiler/gcc-arm-none-eabi-7-2017-q4-major-win32/bin/../lib/gcc/arm-none-eabi/7.2.1/../../../../arm-none-eabi/lib/thumb/v7e-m/fpv4-sp/hard\libg.a(lib_a-lock.o)
 .ARM.attributes
                0x000005b5       0x34 c:/ti/ccsv8/tools/compiler/gcc-arm-none-eabi-7-2017-q4-major-win32/bin/../lib/gcc/arm-none-eabi/7.2.1/../../../../arm-none-eabi/lib/thumb/v7e-m/fpv4-sp/hard\libg.a(lib_a-__atexit.o)
 .ARM.attributes
                0x000005e9       0x34 c:/ti/ccsv8/tools/compiler/gcc-arm-none-eabi-7-2017-q4-major-win32/bin/../lib/gcc/arm-none-eabi/7.2.1/../../../../arm-none-eabi/lib/thumb/v7e-m/fpv4-sp/hard\libnosys.a(_exit.o)
 .ARM.attributes
                0x0000061d       0x34 c:/ti/ccsv8/tools/compiler/gcc-arm-none-eabi-7-2017-q4-major-win32/bin/../lib/gcc/arm-none-eabi/7.2.1/thumb/v7e-m/fpv4-sp/hard/crtend.o
 .ARM.attributes
                0x00000651       0x22 c:/ti/ccsv8/tools/compiler/gcc-arm-none-eabi-7-2017-q4-major-win32/bin/../lib/gcc/arm-none-eabi/7.2.1/thumb/v7e-m/fpv4-sp/hard/crtn.o

.comment        0x00000000       0x7e
 .comment       0x00000000       0x7e ./adc.o
                                 0x7f (size before relaxing)
 .comment       0x0000007e       0x7f ./common.o
 .comment       0x0000007e       0x7f ./croutine.o
 .comment       0x0000007e       0x7f ./gpio.o
 .comment       0x0000007e       0x7f ./heap_2.o
 .comment       0x0000007e       0x7f ./leds.o
 .comment       0x0000007e       0x7f ./list.o
 .comment       0x0000007e       0x7f ./main.o
 .comment       0x0000007e       0x7f ./port.o
 .comment       0x0000007e       0x7f ./queue.o
 .comment       0x0000007e       0x7f ./startup_frt.o
 .comment       0x0000007e       0x7f ./systick_frt.o
 .comment       0x0000007e       0x7f ./tasks.o

.debug_info     0x00000000     0x46ed
 .debug_info    0x00000000       0xc3 ./adc.o
 .debug_info    0x000000c3       0xab ./common.o
 .debug_info    0x0000016e      0x47c ./croutine.o
 .debug_info    0x000005ea       0xb2 ./gpio.o
 .debug_info    0x0000069c      0xad7 ./heap_2.o
 .debug_info    0x00001173      0x184 ./leds.o
 .debug_info    0x000012f7      0xac0 ./list.o
 .debug_info    0x00001db7       0xc0 ./main.o
 .debug_info    0x00001e77      0x1cd ./port.o
 .debug_info    0x00002044      0xfbc ./queue.o
 .debug_info    0x00003000      0x18e ./startup_frt.o
 .debug_info    0x0000318e       0xc6 ./systick_frt.o
 .debug_info    0x00003254     0x1499 ./tasks.o

.debug_abbrev   0x00000000      0xed7
 .debug_abbrev  0x00000000       0x5f ./adc.o
 .debug_abbrev  0x0000005f       0x6d ./common.o
 .debug_abbrev  0x000000cc      0x173 ./croutine.o
 .debug_abbrev  0x0000023f       0x5b ./gpio.o
 .debug_abbrev  0x0000029a      0x267 ./heap_2.o
 .debug_abbrev  0x00000501       0xa7 ./leds.o
 .debug_abbrev  0x000005a8      0x1e0 ./list.o
 .debug_abbrev  0x00000788       0x69 ./main.o
 .debug_abbrev  0x000007f1       0xfa ./port.o
 .debug_abbrev  0x000008eb      0x24a ./queue.o
 .debug_abbrev  0x00000b35       0xca ./startup_frt.o
 .debug_abbrev  0x00000bff       0x4a ./systick_frt.o
 .debug_abbrev  0x00000c49      0x28e ./tasks.o

.debug_aranges  0x00000000      0x428
 .debug_aranges
                0x00000000       0x28 ./adc.o
 .debug_aranges
                0x00000028       0x20 ./common.o
 .debug_aranges
                0x00000048       0x50 ./croutine.o
 .debug_aranges
                0x00000098       0x20 ./gpio.o
 .debug_aranges
                0x000000b8       0x38 ./heap_2.o
 .debug_aranges
                0x000000f0       0x30 ./leds.o
 .debug_aranges
                0x00000120       0x40 ./list.o
 .debug_aranges
                0x00000160       0x30 ./main.o
 .debug_aranges
                0x00000190       0x70 ./port.o
 .debug_aranges
                0x00000200       0xa8 ./queue.o
 .debug_aranges
                0x000002a8       0x38 ./startup_frt.o
 .debug_aranges
                0x000002e0       0x30 ./systick_frt.o
 .debug_aranges
                0x00000310      0x118 ./tasks.o

.debug_ranges   0x00000000      0x370
 .debug_ranges  0x00000000       0x18 ./adc.o
 .debug_ranges  0x00000018       0x10 ./common.o
 .debug_ranges  0x00000028       0x40 ./croutine.o
 .debug_ranges  0x00000068       0x10 ./gpio.o
 .debug_ranges  0x00000078       0x28 ./heap_2.o
 .debug_ranges  0x000000a0       0x20 ./leds.o
 .debug_ranges  0x000000c0       0x30 ./list.o
 .debug_ranges  0x000000f0       0x20 ./main.o
 .debug_ranges  0x00000110       0x60 ./port.o
 .debug_ranges  0x00000170       0x98 ./queue.o
 .debug_ranges  0x00000208       0x28 ./startup_frt.o
 .debug_ranges  0x00000230       0x20 ./systick_frt.o
 .debug_ranges  0x00000250      0x120 ./tasks.o

.debug_line     0x00000000     0x182f
 .debug_line    0x00000000      0x153 ./adc.o
 .debug_line    0x00000153       0x6b ./common.o
 .debug_line    0x000001be      0x177 ./croutine.o
 .debug_line    0x00000335      0x123 ./gpio.o
 .debug_line    0x00000458      0x1fd ./heap_2.o
 .debug_line    0x00000655      0x19f ./leds.o
 .debug_line    0x000007f4      0x23a ./list.o
 .debug_line    0x00000a2e       0x65 ./main.o
 .debug_line    0x00000a93      0x14c ./port.o
 .debug_line    0x00000bdf      0x3e7 ./queue.o
 .debug_line    0x00000fc6      0x15c ./startup_frt.o
 .debug_line    0x00001122      0x14b ./systick_frt.o
 .debug_line    0x0000126d      0x5c2 ./tasks.o

.debug_str      0x00000000     0x1629
 .debug_str     0x00000000      0x17d ./adc.o
                                0x1c1 (size before relaxing)
 .debug_str     0x0000017d       0x54 ./common.o
                                0x1a4 (size before relaxing)
 .debug_str     0x000001d1      0x33e ./croutine.o
                                0x4a8 (size before relaxing)
 .debug_str     0x0000050f       0x1a ./gpio.o
                                0x1ba (size before relaxing)
 .debug_str     0x00000529      0x515 ./heap_2.o
                                0x6cb (size before relaxing)
 .debug_str     0x00000a3e       0x5d ./leds.o
                                0x21d (size before relaxing)
 .debug_str     0x00000a9b       0x92 ./list.o
                                0x6b1 (size before relaxing)
 .debug_str     0x00000b2d       0x25 ./main.o
                                0x1bd (size before relaxing)
 .debug_str     0x00000b52      0x12a ./port.o
                                0x2a0 (size before relaxing)
 .debug_str     0x00000c7c      0x347 ./queue.o
                                0x980 (size before relaxing)
 .debug_str     0x00000fc3       0xaa ./startup_frt.o
                                0x23d (size before relaxing)
 .debug_str     0x0000106d       0x43 ./systick_frt.o
                                0x1e3 (size before relaxing)
 .debug_str     0x000010b0      0x579 ./tasks.o
                                0xca1 (size before relaxing)

.debug_frame    0x00000000     0x111c
 .debug_frame   0x00000000       0x50 ./adc.o
 .debug_frame   0x00000050       0x30 ./common.o
 .debug_frame   0x00000080      0x10c ./croutine.o
 .debug_frame   0x0000018c       0x38 ./gpio.o
 .debug_frame   0x000001c4       0x98 ./heap_2.o
 .debug_frame   0x0000025c       0x70 ./leds.o
 .debug_frame   0x000002cc       0xd8 ./list.o
 .debug_frame   0x000003a4       0x70 ./main.o
 .debug_frame   0x00000414      0x148 ./port.o
 .debug_frame   0x0000055c      0x2ac ./queue.o
 .debug_frame   0x00000808       0x7c ./startup_frt.o
 .debug_frame   0x00000884       0x70 ./systick_frt.o
 .debug_frame   0x000008f4      0x494 ./tasks.o
 .debug_frame   0x00000d88       0xac c:/ti/ccsv8/tools/compiler/gcc-arm-none-eabi-7-2017-q4-major-win32/bin/../lib/gcc/arm-none-eabi/7.2.1/thumb/v7e-m/fpv4-sp/hard\libgcc.a(_arm_addsubdf3.o)
 .debug_frame   0x00000e34       0x50 c:/ti/ccsv8/tools/compiler/gcc-arm-none-eabi-7-2017-q4-major-win32/bin/../lib/gcc/arm-none-eabi/7.2.1/thumb/v7e-m/fpv4-sp/hard\libgcc.a(_arm_muldivdf3.o)
 .debug_frame   0x00000e84       0x24 c:/ti/ccsv8/tools/compiler/gcc-arm-none-eabi-7-2017-q4-major-win32/bin/../lib/gcc/arm-none-eabi/7.2.1/thumb/v7e-m/fpv4-sp/hard\libgcc.a(_arm_fixunsdfsi.o)
 .debug_frame   0x00000ea8       0x28 c:/ti/ccsv8/tools/compiler/gcc-arm-none-eabi-7-2017-q4-major-win32/bin/../lib/gcc/arm-none-eabi/7.2.1/../../../../arm-none-eabi/lib/thumb/v7e-m/fpv4-sp/hard\libg.a(lib_a-exit.o)
 .debug_frame   0x00000ed0       0x2c c:/ti/ccsv8/tools/compiler/gcc-arm-none-eabi-7-2017-q4-major-win32/bin/../lib/gcc/arm-none-eabi/7.2.1/../../../../arm-none-eabi/lib/thumb/v7e-m/fpv4-sp/hard\libg.a(lib_a-init.o)
 .debug_frame   0x00000efc       0x38 c:/ti/ccsv8/tools/compiler/gcc-arm-none-eabi-7-2017-q4-major-win32/bin/../lib/gcc/arm-none-eabi/7.2.1/../../../../arm-none-eabi/lib/thumb/v7e-m/fpv4-sp/hard\libg.a(lib_a-memset.o)
 .debug_frame   0x00000f34       0x34 c:/ti/ccsv8/tools/compiler/gcc-arm-none-eabi-7-2017-q4-major-win32/bin/../lib/gcc/arm-none-eabi/7.2.1/../../../../arm-none-eabi/lib/thumb/v7e-m/fpv4-sp/hard\libg.a(lib_a-strncpy.o)
 .debug_frame   0x00000f68       0x5c c:/ti/ccsv8/tools/compiler/gcc-arm-none-eabi-7-2017-q4-major-win32/bin/../lib/gcc/arm-none-eabi/7.2.1/../../../../arm-none-eabi/lib/thumb/v7e-m/fpv4-sp/hard\libg.a(lib_a-__call_atexit.o)
 .debug_frame   0x00000fc4       0x20 c:/ti/ccsv8/tools/compiler/gcc-arm-none-eabi-7-2017-q4-major-win32/bin/../lib/gcc/arm-none-eabi/7.2.1/../../../../arm-none-eabi/lib/thumb/v7e-m/fpv4-sp/hard\libg.a(lib_a-atexit.o)
 .debug_frame   0x00000fe4       0x34 c:/ti/ccsv8/tools/compiler/gcc-arm-none-eabi-7-2017-q4-major-win32/bin/../lib/gcc/arm-none-eabi/7.2.1/../../../../arm-none-eabi/lib/thumb/v7e-m/fpv4-sp/hard\libg.a(lib_a-fini.o)
 .debug_frame   0x00001018       0xb0 c:/ti/ccsv8/tools/compiler/gcc-arm-none-eabi-7-2017-q4-major-win32/bin/../lib/gcc/arm-none-eabi/7.2.1/../../../../arm-none-eabi/lib/thumb/v7e-m/fpv4-sp/hard\libg.a(lib_a-lock.o)
 .debug_frame   0x000010c8       0x34 c:/ti/ccsv8/tools/compiler/gcc-arm-none-eabi-7-2017-q4-major-win32/bin/../lib/gcc/arm-none-eabi/7.2.1/../../../../arm-none-eabi/lib/thumb/v7e-m/fpv4-sp/hard\libg.a(lib_a-__atexit.o)
 .debug_frame   0x000010fc       0x20 c:/ti/ccsv8/tools/compiler/gcc-arm-none-eabi-7-2017-q4-major-win32/bin/../lib/gcc/arm-none-eabi/7.2.1/../../../../arm-none-eabi/lib/thumb/v7e-m/fpv4-sp/hard\libnosys.a(_exit.o)
